Archive member included because of file (symbol)

/opt/paparazzi/arm-multilib/lib/gcc/arm-none-eabi/4.6.2/../../../../arm-none-eabi/lib/thumb2/libc.a(lib_a-ldiv.o)
                              /home/mav/paparazzi/var/Radian/ap/subsystems/ahrs/ahrs_int_cmpl_quat.o (ldiv)
/opt/paparazzi/arm-multilib/lib/gcc/arm-none-eabi/4.6.2/../../../../arm-none-eabi/lib/thumb2/libc.a(lib_a-memcpy.o)
                              /home/mav/paparazzi/var/Radian/ap/arch/stm32/mcu_periph/spi_arch.o (memcpy)
/opt/paparazzi/arm-multilib/lib/gcc/arm-none-eabi/4.6.2/../../../../arm-none-eabi/lib/thumb2/libm.a(lib_a-s_atan.o)
                              /home/mav/paparazzi/var/Radian/ap/math/pprz_geodetic_float.o (atan)
/opt/paparazzi/arm-multilib/lib/gcc/arm-none-eabi/4.6.2/../../../../arm-none-eabi/lib/thumb2/libm.a(lib_a-s_cos.o)
                              /home/mav/paparazzi/var/Radian/ap/math/pprz_geodetic_float.o (cos)
/opt/paparazzi/arm-multilib/lib/gcc/arm-none-eabi/4.6.2/../../../../arm-none-eabi/lib/thumb2/libm.a(lib_a-s_fabs.o)
                              /opt/paparazzi/arm-multilib/lib/gcc/arm-none-eabi/4.6.2/../../../../arm-none-eabi/lib/thumb2/libm.a(lib_a-s_atan.o) (fabs)
/opt/paparazzi/arm-multilib/lib/gcc/arm-none-eabi/4.6.2/../../../../arm-none-eabi/lib/thumb2/libm.a(lib_a-s_rint.o)
                              /home/mav/paparazzi/var/Radian/ap/math/pprz_geodetic_int.o (rint)
/opt/paparazzi/arm-multilib/lib/gcc/arm-none-eabi/4.6.2/../../../../arm-none-eabi/lib/thumb2/libm.a(lib_a-s_sin.o)
                              /home/mav/paparazzi/var/Radian/ap/math/pprz_geodetic_float.o (sin)
/opt/paparazzi/arm-multilib/lib/gcc/arm-none-eabi/4.6.2/../../../../arm-none-eabi/lib/thumb2/libm.a(lib_a-s_tan.o)
                              /home/mav/paparazzi/var/Radian/ap/math/pprz_geodetic_float.o (tan)
/opt/paparazzi/arm-multilib/lib/gcc/arm-none-eabi/4.6.2/../../../../arm-none-eabi/lib/thumb2/libm.a(lib_a-sf_atan.o)
                              /home/mav/paparazzi/var/Radian/ap/math/pprz_geodetic_float.o (atanf)
/opt/paparazzi/arm-multilib/lib/gcc/arm-none-eabi/4.6.2/../../../../arm-none-eabi/lib/thumb2/libm.a(lib_a-sf_cos.o)
                              /home/mav/paparazzi/var/Radian/ap/math/pprz_geodetic_int.o (cosf)
/opt/paparazzi/arm-multilib/lib/gcc/arm-none-eabi/4.6.2/../../../../arm-none-eabi/lib/thumb2/libm.a(lib_a-sf_fabs.o)
                              /opt/paparazzi/arm-multilib/lib/gcc/arm-none-eabi/4.6.2/../../../../arm-none-eabi/lib/thumb2/libm.a(lib_a-sf_atan.o) (fabsf)
/opt/paparazzi/arm-multilib/lib/gcc/arm-none-eabi/4.6.2/../../../../arm-none-eabi/lib/thumb2/libm.a(lib_a-sf_sin.o)
                              /home/mav/paparazzi/var/Radian/ap/math/pprz_geodetic_int.o (sinf)
/opt/paparazzi/arm-multilib/lib/gcc/arm-none-eabi/4.6.2/../../../../arm-none-eabi/lib/thumb2/libm.a(lib_a-w_asin.o)
                              /home/mav/paparazzi/var/Radian/ap/math/pprz_geodetic_float.o (asin)
/opt/paparazzi/arm-multilib/lib/gcc/arm-none-eabi/4.6.2/../../../../arm-none-eabi/lib/thumb2/libm.a(lib_a-w_atan2.o)
                              /home/mav/paparazzi/var/Radian/ap/math/pprz_geodetic_double.o (atan2)
/opt/paparazzi/arm-multilib/lib/gcc/arm-none-eabi/4.6.2/../../../../arm-none-eabi/lib/thumb2/libm.a(lib_a-w_cosh.o)
                              /home/mav/paparazzi/var/Radian/ap/math/pprz_geodetic_float.o (cosh)
/opt/paparazzi/arm-multilib/lib/gcc/arm-none-eabi/4.6.2/../../../../arm-none-eabi/lib/thumb2/libm.a(lib_a-w_exp.o)
                              /home/mav/paparazzi/var/Radian/ap/math/pprz_geodetic_float.o (exp)
/opt/paparazzi/arm-multilib/lib/gcc/arm-none-eabi/4.6.2/../../../../arm-none-eabi/lib/thumb2/libm.a(lib_a-w_log.o)
                              /home/mav/paparazzi/var/Radian/ap/math/pprz_geodetic_float.o (log)
/opt/paparazzi/arm-multilib/lib/gcc/arm-none-eabi/4.6.2/../../../../arm-none-eabi/lib/thumb2/libm.a(lib_a-w_pow.o)
                              /home/mav/paparazzi/var/Radian/ap/math/pprz_geodetic_float.o (pow)
/opt/paparazzi/arm-multilib/lib/gcc/arm-none-eabi/4.6.2/../../../../arm-none-eabi/lib/thumb2/libm.a(lib_a-w_sinh.o)
                              /home/mav/paparazzi/var/Radian/ap/math/pprz_geodetic_float.o (sinh)
/opt/paparazzi/arm-multilib/lib/gcc/arm-none-eabi/4.6.2/../../../../arm-none-eabi/lib/thumb2/libm.a(lib_a-w_sqrt.o)
                              /home/mav/paparazzi/var/Radian/ap/math/pprz_geodetic_double.o (sqrt)
/opt/paparazzi/arm-multilib/lib/gcc/arm-none-eabi/4.6.2/../../../../arm-none-eabi/lib/thumb2/libm.a(lib_a-wf_asin.o)
                              /home/mav/paparazzi/var/Radian/ap/subsystems/ahrs/ahrs_int_cmpl_quat.o (asinf)
/opt/paparazzi/arm-multilib/lib/gcc/arm-none-eabi/4.6.2/../../../../arm-none-eabi/lib/thumb2/libm.a(lib_a-wf_atan2.o)
                              /home/mav/paparazzi/var/Radian/ap/math/pprz_geodetic_float.o (atan2f)
[...]
Memory Configuration

Name             Origin             Length             Attributes
RAM              0x20000000         0x00010000         xrw
FLASH            0x08000000         0x0007f800         xr
FLASHB1          0x00000000         0x00000000         xr
*default*        0x00000000         0xffffffff

Linker script and memory map

LOAD /home/mav/paparazzi/var/Radian/ap/mcu.o
LOAD /home/mav/paparazzi/var/Radian/ap/arch/stm32/mcu_arch.o
LOAD /home/mav/paparazzi/var/Radian/ap/arch/stm32/led_hw.o
LOAD /home/mav/paparazzi/var/Radian/ap/mcu_periph/sys_time.o
LOAD /home/mav/paparazzi/var/Radian/ap/arch/stm32/mcu_periph/sys_time_arch.o
LOAD /home/mav/paparazzi/var/Radian/ap/./inter_mcu.o
LOAD /home/mav/paparazzi/var/Radian/ap/math/pprz_geodetic_int.o
LOAD /home/mav/paparazzi/var/Radian/ap/math/pprz_geodetic_float.o
LOAD /home/mav/paparazzi/var/Radian/ap/math/pprz_geodetic_double.o
LOAD /home/mav/paparazzi/var/Radian/ap/math/pprz_trig_int.o
LOAD /home/mav/paparazzi/var/Radian/ap/mcu_periph/i2c.o
LOAD /home/mav/paparazzi/var/Radian/ap/arch/stm32/mcu_periph/i2c_arch.o
LOAD /home/mav/paparazzi/var/Radian/ap/firmwares/fixedwing/main_fbw.o
LOAD /home/mav/paparazzi/var/Radian/ap/subsystems/electrical.o
LOAD /home/mav/paparazzi/var/Radian/ap/./commands.o
LOAD /home/mav/paparazzi/var/Radian/ap/firmwares/fixedwing/fbw_downlink.o
LOAD /home/mav/paparazzi/var/Radian/ap/firmwares/fixedwing/main_ap.o
LOAD /home/mav/paparazzi/var/Radian/ap/./estimator.o
LOAD /home/mav/paparazzi/var/Radian/ap/firmwares/fixedwing/ap_downlink.o
LOAD /home/mav/paparazzi/var/Radian/ap/arch/stm32/stm32_exceptions.o
LOAD /home/mav/paparazzi/var/Radian/ap/arch/stm32/stm32_vector_table.o
LOAD /home/mav/paparazzi/var/Radian/ap/lisa/plug_sys.o
LOAD /home/mav/paparazzi/var/Radian/ap/firmwares/fixedwing/main.o
LOAD /home/mav/paparazzi/var/Radian/ap/mcu_periph/uart.o
LOAD /home/mav/paparazzi/var/Radian/ap/arch/stm32/mcu_periph/uart_arch.o
LOAD /home/mav/paparazzi/var/Radian/ap/subsystems/settings.o
LOAD /home/mav/paparazzi/var/Radian/ap/arch/stm32/subsystems/settings_arch.o
LOAD /home/mav/paparazzi/var/Radian/ap/arch/stm32/mcu_periph/adc_arch.o
LOAD /home/mav/paparazzi/var/Radian/ap/arch/stm32/servos_direct_hw.o
LOAD /home/mav/paparazzi/var/Radian/ap/actuators.o
LOAD /home/mav/paparazzi/var/Radian/ap/firmwares/rotorcraft/actuators/arch/stm32/actuators_pwm_arch.o
LOAD /home/mav/paparazzi/var/Radian/ap/subsystems/radio_control.o
LOAD /home/mav/paparazzi/var/Radian/ap/subsystems/radio_control/spektrum.o
LOAD /home/mav/paparazzi/var/Radian/ap/arch/stm32/subsystems/radio_control/spektrum_arch.o
LOAD /home/mav/paparazzi/var/Radian/ap/subsystems/datalink/downlink.o
LOAD /home/mav/paparazzi/var/Radian/ap/subsystems/datalink/pprz_transport.o
LOAD /home/mav/paparazzi/var/Radian/ap/firmwares/fixedwing/datalink.o
LOAD /home/mav/paparazzi/var/Radian/ap/firmwares/fixedwing/stabilization/stabilization_attitude.o
LOAD /home/mav/paparazzi/var/Radian/ap/firmwares/fixedwing/guidance/guidance_v.o
LOAD /home/mav/paparazzi/var/Radian/ap/subsystems/ahrs.o
LOAD /home/mav/paparazzi/var/Radian/ap/subsystems/ahrs/ahrs_int_cmpl_quat.o
LOAD /home/mav/paparazzi/var/Radian/ap/subsystems/ahrs/ahrs_aligner.o
LOAD /home/mav/paparazzi/var/Radian/ap/subsystems/gps/gps_ubx.o
LOAD /home/mav/paparazzi/var/Radian/ap/subsystems/gps.o
LOAD /home/mav/paparazzi/var/Radian/ap/subsystems/imu.o
LOAD /home/mav/paparazzi/var/Radian/ap/subsystems/imu/imu_aspirin2.o
LOAD /home/mav/paparazzi/var/Radian/ap/arch/stm32/subsystems/imu/imu_aspirin2_arch.o
LOAD /home/mav/paparazzi/var/Radian/ap/arch/stm32/mcu_periph/spi_arch.o
LOAD /home/mav/paparazzi/var/Radian/ap/mcu_periph/spi.o
LOAD /home/mav/paparazzi/var/Radian/ap/subsystems/nav.o
LOAD /home/mav/paparazzi/var/Radian/ap/subsystems/navigation/common_flight_plan.o
LOAD /home/mav/paparazzi/var/Radian/ap/subsystems/navigation/traffic_info.o
LOAD /home/mav/paparazzi/var/Radian/ap/subsystems/navigation/nav_survey_rectangle.o
LOAD /home/mav/paparazzi/var/Radian/ap/subsystems/navigation/nav_line.o
LOAD /opt/paparazzi/arm-multilib/lib/gcc/arm-none-eabi/4.6.2/../../../../arm-none-eabi/lib/thumb2/libc.a
LOAD /opt/paparazzi/arm-multilib/lib/gcc/arm-none-eabi/4.6.2/../../../../arm-none-eabi/lib/thumb2/libm.a
LOAD /opt/paparazzi/arm-multilib/lib/gcc/arm-none-eabi/4.6.2/thumb2/libgcc.a
LOAD /opt/paparazzi/arm-multilib/lib/gcc/arm-none-eabi/4.6.2/../../../../arm-none-eabi/lib/libcmsis.a
LOAD /opt/paparazzi/arm-multilib/lib/gcc/arm-none-eabi/4.6.2/../../../../arm-none-eabi/lib/libstm32.a
LOAD /opt/paparazzi/arm-multilib/lib/gcc/arm-none-eabi/4.6.2/../../../../arm-none-eabi/lib/libopencm3_stm32.a
START GROUP
LOAD /opt/paparazzi/arm-multilib/lib/gcc/arm-none-eabi/4.6.2/thumb2/libgcc.a
LOAD /opt/paparazzi/arm-multilib/lib/gcc/arm-none-eabi/4.6.2/../../../../arm-none-eabi/lib/thumb2/libc.a
END GROUP
                0x20010000                _estack = 0x20010000
                0x00001000                __Stack_Size = 0x1000
                0x00001000                PROVIDE (_Stack_Size, __Stack_Size)
                0x2000f000                __Stack_Init = (_estack - __Stack_Size)
                0x2000f000                PROVIDE (_Stack_Init, __Stack_Init)
                0x00000800                _Minimum_Stack_Size = 0x800
                0x00000001                ASSERT ((ORIGIN (FLASH) == ALIGN (ORIGIN (FLASH), 0x80)), Start of memory region flash not aligned for startup vector table)

.isr_vector     0x08000000      0x130
                0x08000000                . = ALIGN (0x4)
 *(.isr_vector)
 .isr_vector    0x08000000      0x130 /home/mav/paparazzi/var/Radian/ap/arch/stm32/stm32_vector_table.o
                0x08000000                vector_table
                0x08000130                . = ALIGN (0x4)

.flashtext      0x08000130        0x0
                0x08000130                . = ALIGN (0x4)
 *(.flashtext)
                0x08000130                . = ALIGN (0x4)

.text           0x08000130    0x18220
                0x08000130                . = ALIGN (0x4)
 *(.text)
 .text          0x08000130       0x38 /opt/paparazzi/arm-multilib/lib/gcc/arm-none-eabi/4.6.2/../../../../arm-none-eabi/lib/thumb2/libc.a(lib_a-ldiv.o)
                0x08000130                ldiv
 .text          0x08000168       0x12 /opt/paparazzi/arm-multilib/lib/gcc/arm-none-eabi/4.6.2/../../../../arm-none-eabi/lib/thumb2/libc.a(lib_a-memcpy.o)
                0x08000168                memcpy
 *fill*         0x0800017a        0x6 00
 .text          0x08000180      0x340 /opt/paparazzi/arm-multilib/lib/gcc/arm-none-eabi/4.6.2/../../../../arm-none-eabi/lib/thumb2/libm.a(lib_a-s_atan.o)
                0x08000180                atan
 .text          0x080004c0       0x70 /opt/paparazzi/arm-multilib/lib/gcc/arm-none-eabi/4.6.2/../../../../arm-none-eabi/lib/thumb2/libm.a(lib_a-s_cos.o)
                0x080004c0                cos
 .text          0x08000530        0x6 /opt/paparazzi/arm-multilib/lib/gcc/arm-none-eabi/4.6.2/../../../../arm-none-eabi/lib/thumb2/libm.a(lib_a-s_fabs.o)
                0x08000530                fabs
 *fill*         0x08000536        0x2 00
 .text          0x08000538       0x78 /opt/paparazzi/arm-multilib/lib/gcc/arm-none-eabi/4.6.2/../../../../arm-none-eabi/lib/thumb2/libm.a(lib_a-s_sin.o)
                0x08000538                sin
 .text          0x080005b0       0x58 /opt/paparazzi/arm-multilib/lib/gcc/arm-none-eabi/4.6.2/../../../../arm-none-eabi/lib/thumb2/libm.a(lib_a-s_tan.o)
                0x080005b0                tan
 .text          0x08000608      0x234 /opt/paparazzi/arm-multilib/lib/gcc/arm-none-eabi/4.6.2/../../../../arm-none-eabi/lib/thumb2/libm.a(lib_a-sf_atan.o)
                0x08000608                atanf
 .text          0x0800083c        0x6 /opt/paparazzi/arm-multilib/lib/gcc/arm-none-eabi/4.6.2/../../../../arm-none-eabi/lib/thumb2/libm.a(lib_a-sf_fabs.o)
                0x0800083c                fabsf
 *fill*         0x08000842        0x2 00
 .text          0x08000844       0x9c /opt/paparazzi/arm-multilib/lib/gcc/arm-none-eabi/4.6.2/../../../../arm-none-eabi/lib/thumb2/libm.a(lib_a-w_asin.o)
                0x08000844                asin
 .text          0x080008e0        0x4 /opt/paparazzi/arm-multilib/lib/gcc/arm-none-eabi/4.6.2/../../../../arm-none-eabi/lib/thumb2/libm.a(lib_a-w_atan2.o)
                0x080008e0                atan2
 *fill*         0x080008e4        0x4 00
 .text          0x080008e8       0xb0 /opt/paparazzi/arm-multilib/lib/gcc/arm-none-eabi/4.6.2/../../../../arm-none-eabi/lib/thumb2/libm.a(lib_a-w_cosh.o)
                0x080008e8                cosh
 .text          0x08000998       0xe8 /opt/paparazzi/arm-multilib/lib/gcc/arm-none-eabi/4.6.2/../../../../arm-none-eabi/lib/thumb2/libm.a(lib_a-w_exp.o)
                0x08000998                exp
 .text          0x08000a80       0xd8 /opt/paparazzi/arm-multilib/lib/gcc/arm-none-eabi/4.6.2/../../../../arm-none-eabi/lib/thumb2/libm.a(lib_a-w_log.o)
                0x08000a80                log
 .text          0x08000b58       0xc0 /opt/paparazzi/arm-multilib/lib/gcc/arm-none-eabi/4.6.2/../../../../arm-none-eabi/lib/thumb2/libm.a(lib_a-w_sinh.o)
                0x08000b58                sinh
 .text          0x08000c18       0xa4 /opt/paparazzi/arm-multilib/lib/gcc/arm-none-eabi/4.6.2/../../../../arm-none-eabi/lib/thumb2/libm.a(lib_a-w_sqrt.o)
                0x08000c18                sqrt
 .text          0x08000cbc       0x94 /opt/paparazzi/arm-multilib/lib/gcc/arm-none-eabi/4.6.2/../../../../arm-none-eabi/lib/thumb2/libm.a(lib_a-wf_asin.o)
                0x08000cbc                asinf
 .text          0x08000d50        0x4 /opt/paparazzi/arm-multilib/lib/gcc/arm-none-eabi/4.6.2/../../../../arm-none-eabi/lib/thumb2/libm.a(lib_a-wf_atan2.o)
                0x08000d50                atan2f
 .text          0x08000d54       0x9c /opt/paparazzi/arm-multilib/lib/gcc/arm-none-eabi/4.6.2/../../../../arm-none-eabi/lib/thumb2/libm.a(lib_a-wf_sqrt.o)
                0x08000d54                sqrtf
 .text          0x08000df0      0x4a0 /opt/paparazzi/arm-multilib/lib/gcc/arm-none-eabi/4.6.2/../../../../arm-none-eabi/lib/thumb2/libm.a(lib_a-e_asin.o)
                0x08000df0                __ieee754_asin
 .text          0x08001290      0x1e0 /opt/paparazzi/arm-multilib/lib/gcc/arm-none-eabi/4.6.2/../../../../arm-none-eabi/lib/thumb2/libm.a(lib_a-e_atan2.o)
                0x08001290                __ieee754_atan2
 .text          0x08001470      0x130 /opt/paparazzi/arm-multilib/lib/gcc/arm-none-eabi/4.6.2/../../../../arm-none-eabi/lib/thumb2/libm.a(lib_a-e_cosh.o)
                0x08001470                __ieee754_cosh
 .text          0x080015a0      0x2e0 /opt/paparazzi/arm-multilib/lib/gcc/arm-none-eabi/4.6.2/../../../../arm-none-eabi/lib/thumb2/libm.a(lib_a-e_exp.o)
                0x080015a0                __ieee754_exp
 .text          0x08001880      0x408 /opt/paparazzi/arm-multilib/lib/gcc/arm-none-eabi/4.6.2/../../../../arm-none-eabi/lib/thumb2/libm.a(lib_a-e_log.o)
                0x08001880                __ieee754_log
 .text          0x08001c88      0x3c8 /opt/paparazzi/arm-multilib/lib/gcc/arm-none-eabi/4.6.2/../../../../arm-none-eabi/lib/thumb2/libm.a(lib_a-e_rem_pio2.o)
                0x08001c88                __ieee754_rem_pio2
 .text          0x08002050      0x168 /opt/paparazzi/arm-multilib/lib/gcc/arm-none-eabi/4.6.2/../../../../arm-none-eabi/lib/thumb2/libm.a(lib_a-e_sinh.o)
                0x08002050                __ieee754_sinh
 .text          0x080021b8      0x15c /opt/paparazzi/arm-multilib/lib/gcc/arm-none-eabi/4.6.2/../../../../arm-none-eabi/lib/thumb2/libm.a(lib_a-e_sqrt.o)
                0x080021b8                __ieee754_sqrt
 .text          0x08002314      0x2ac /opt/paparazzi/arm-multilib/lib/gcc/arm-none-eabi/4.6.2/../../../../arm-none-eabi/lib/thumb2/libm.a(lib_a-ef_asin.o)
                0x08002314                __ieee754_asinf
 .text          0x080025c0      0x120 /opt/paparazzi/arm-multilib/lib/gcc/arm-none-eabi/4.6.2/../../../../arm-none-eabi/lib/thumb2/libm.a(lib_a-ef_atan2.o)
                0x080025c0                __ieee754_atan2f
 .text          0x080026e0       0x9e /opt/paparazzi/arm-multilib/lib/gcc/arm-none-eabi/4.6.2/../../../../arm-none-eabi/lib/thumb2/libm.a(lib_a-ef_sqrt.o)
                0x080026e0                __ieee754_sqrtf
 *fill*         0x0800277e        0x2 00
 .text          0x08002780      0x1d8 /opt/paparazzi/arm-multilib/lib/gcc/arm-none-eabi/4.6.2/../../../../arm-none-eabi/lib/thumb2/libm.a(lib_a-k_cos.o)
                0x08002780                __kernel_cos
 .text          0x08002958      0x6d8 /opt/paparazzi/arm-multilib/lib/gcc/arm-none-eabi/4.6.2/../../../../arm-none-eabi/lib/thumb2/libm.a(lib_a-k_rem_pio2.o)
                0x08002958                __kernel_rem_pio2
 .text          0x08003030      0x180 /opt/paparazzi/arm-multilib/lib/gcc/arm-none-eabi/4.6.2/../../../../arm-none-eabi/lib/thumb2/libm.a(lib_a-k_sin.o)
                0x08003030                __kernel_sin
 .text          0x080031b0      0x3e0 /opt/paparazzi/arm-multilib/lib/gcc/arm-none-eabi/4.6.2/../../../../arm-none-eabi/lib/thumb2/libm.a(lib_a-k_tan.o)
                0x080031b0                __kernel_tan
 .text          0x08003590      0x420 /opt/paparazzi/arm-multilib/lib/gcc/arm-none-eabi/4.6.2/../../../../arm-none-eabi/lib/thumb2/libm.a(lib_a-s_expm1.o)
                0x08003590                expm1
 .text          0x080039b0       0x10 /opt/paparazzi/arm-multilib/lib/gcc/arm-none-eabi/4.6.2/../../../../arm-none-eabi/lib/thumb2/libm.a(lib_a-s_finite.o)
                0x080039b0                finite
 .text          0x080039c0      0x110 /opt/paparazzi/arm-multilib/lib/gcc/arm-none-eabi/4.6.2/../../../../arm-none-eabi/lib/thumb2/libm.a(lib_a-s_floor.o)
                0x080039c0                floor
 .text          0x08003ad0       0x64 /opt/paparazzi/arm-multilib/lib/gcc/arm-none-eabi/4.6.2/../../../../arm-none-eabi/lib/thumb2/libm.a(lib_a-s_fpclassify.o)
                0x08003ad0                __fpclassifyd
 .text          0x08003b34        0x4 /opt/paparazzi/arm-multilib/lib/gcc/arm-none-eabi/4.6.2/../../../../arm-none-eabi/lib/thumb2/libm.a(lib_a-s_matherr.o)
                0x08003b34                matherr
 .text          0x08003b38        0xc /opt/paparazzi/arm-multilib/lib/gcc/arm-none-eabi/4.6.2/../../../../arm-none-eabi/lib/thumb2/libm.a(lib_a-s_nan.o)
                0x08003b38                nan
 *fill*         0x08003b44        0x4 00
 .text          0x08003b48       0xe8 /opt/paparazzi/arm-multilib/lib/gcc/arm-none-eabi/4.6.2/../../../../arm-none-eabi/lib/thumb2/libm.a(lib_a-s_scalbn.o)
                0x08003b48                scalbn
 .text          0x08003c30       0x54 /opt/paparazzi/arm-multilib/lib/gcc/arm-none-eabi/4.6.2/../../../../arm-none-eabi/lib/thumb2/libm.a(lib_a-sf_fpclassify.o)
                0x08003c30                __fpclassifyf
 .text          0x08003c84       0x14 /opt/paparazzi/arm-multilib/lib/gcc/arm-none-eabi/4.6.2/../../../../arm-none-eabi/lib/thumb2/libm.a(lib_a-s_copysign.o)
                0x08003c84                copysign
 .text          0x08003c98       0xe0 /opt/paparazzi/arm-multilib/lib/gcc/arm-none-eabi/4.6.2/thumb2/libgcc.a(_divsi3.o)
                0x08003c98                __aeabi_idiv
                0x08003c98                __divsi3
                0x08003d5c                __aeabi_idivmod
 .text          0x08003d78        0x4 /opt/paparazzi/arm-multilib/lib/gcc/arm-none-eabi/4.6.2/thumb2/libgcc.a(_dvmd_tls.o)
                0x08003d78                __aeabi_ldiv0
                0x08003d78                __aeabi_idiv0
 .text          0x08003d7c      0x370 /opt/paparazzi/arm-multilib/lib/gcc/arm-none-eabi/4.6.2/thumb2/libgcc.a(_arm_addsubdf3.o)
                0x08003d7c                __aeabi_drsub
                0x08003d84                __aeabi_dsub
                0x08003d84                __subdf3
                0x08003d88                __adddf3
                0x08003d88                __aeabi_dadd
                0x08004000                __aeabi_ui2d
                0x08004000                __floatunsidf
                0x08004020                __floatsidf
                0x08004020                __aeabi_i2d
                0x08004044                __extendsfdf2
                0x08004044                __aeabi_f2d
                0x08004080                __aeabi_ul2d
                0x08004080                __floatundidf
                0x08004090                __floatdidf
                0x08004090                __aeabi_l2d
 .text          0x080040ec      0x424 /opt/paparazzi/arm-multilib/lib/gcc/arm-none-eabi/4.6.2/thumb2/libgcc.a(_arm_muldivdf3.o)
                0x080040ec                __aeabi_dmul
                0x080040ec                __muldf3
                0x08004340                __aeabi_ddiv
                0x08004340                __divdf3
 .text          0x08004510      0x110 /opt/paparazzi/arm-multilib/lib/gcc/arm-none-eabi/4.6.2/thumb2/libgcc.a(_arm_cmpdf2.o)
                0x08004510                __gtdf2
                0x08004510                __gedf2
                0x08004518                __ltdf2
                0x08004518                __ledf2
                0x08004520                __cmpdf2
                0x08004520                __eqdf2
                0x08004520                __nedf2
                0x0800459c                __aeabi_cdrcmple
                0x080045ac                __aeabi_cdcmple
                0x080045ac                __aeabi_cdcmpeq
                0x080045bc                __aeabi_dcmpeq
                0x080045d0                __aeabi_dcmplt
                0x080045e4                __aeabi_dcmple
                0x080045f8                __aeabi_dcmpge
                0x0800460c                __aeabi_dcmpgt
 .text          0x08004620       0x50 /opt/paparazzi/arm-multilib/lib/gcc/arm-none-eabi/4.6.2/thumb2/libgcc.a(_arm_fixdfsi.o)
                0x08004620                __fixdfsi
                0x08004620                __aeabi_d2iz
 .text          0x08004670       0x40 /opt/paparazzi/arm-multilib/lib/gcc/arm-none-eabi/4.6.2/thumb2/libgcc.a(_arm_fixunsdfsi.o)
                0x08004670                __fixunsdfsi
                0x08004670                __aeabi_d2uiz
 .text          0x080046b0       0xa0 /opt/paparazzi/arm-multilib/lib/gcc/arm-none-eabi/4.6.2/thumb2/libgcc.a(_arm_truncdfsf2.o)
                0x080046b0                __aeabi_d2f
                0x080046b0                __truncdfsf2
 .text          0x08004750      0x21c /opt/paparazzi/arm-multilib/lib/gcc/arm-none-eabi/4.6.2/thumb2/libgcc.a(_arm_addsubsf3.o)
                0x08004750                __aeabi_frsub
                0x08004758                __subsf3
                0x08004758                __aeabi_fsub
                0x0800475c                __aeabi_fadd
                0x0800475c                __addsf3
                0x080048bc                __aeabi_ui2f
                0x080048bc                __floatunsisf
                0x080048c4                __aeabi_i2f
                0x080048c4                __floatsisf
                0x080048e0                __floatundisf
                0x080048e0                __aeabi_ul2f
                0x080048f0                __floatdisf
                0x080048f0                __aeabi_l2f
 .text          0x0800496c      0x2a0 /opt/paparazzi/arm-multilib/lib/gcc/arm-none-eabi/4.6.2/thumb2/libgcc.a(_arm_muldivsf3.o)
                0x0800496c                __mulsf3
                0x0800496c                __aeabi_fmul
                0x08004ad4                __divsf3
                0x08004ad4                __aeabi_fdiv
 .text          0x08004c0c       0xec /opt/paparazzi/arm-multilib/lib/gcc/arm-none-eabi/4.6.2/thumb2/libgcc.a(_arm_cmpsf2.o)
                0x08004c0c                __gtsf2
                0x08004c0c                __gesf2
                0x08004c14                __lesf2
                0x08004c14                __ltsf2
                0x08004c1c                __nesf2
                0x08004c1c                __eqsf2
                0x08004c1c                __cmpsf2
                0x08004c7c                __aeabi_cfrcmple
                0x08004c84                __aeabi_cfcmple
                0x08004c84                __aeabi_cfcmpeq
                0x08004c94                __aeabi_fcmpeq
                0x08004ca8                __aeabi_fcmplt
                0x08004cbc                __aeabi_fcmple
                0x08004cd0                __aeabi_fcmpge
                0x08004ce4                __aeabi_fcmpgt
 .text          0x08004cf8       0x4c /opt/paparazzi/arm-multilib/lib/gcc/arm-none-eabi/4.6.2/thumb2/libgcc.a(_arm_fixsfsi.o)
                0x08004cf8                __fixsfsi
                0x08004cf8                __aeabi_f2iz
 .text          0x08004d44       0x40 /opt/paparazzi/arm-multilib/lib/gcc/arm-none-eabi/4.6.2/thumb2/libgcc.a(_arm_fixunssfsi.o)
                0x08004d44                __aeabi_f2uiz
                0x08004d44                __fixunssfsi
 .text          0x08004d84        0xc /opt/paparazzi/arm-multilib/lib/gcc/arm-none-eabi/4.6.2/../../../../arm-none-eabi/lib/thumb2/libc.a(lib_a-errno.o)
                0x08004d84                __errno
 *(.text.*)
 .text.mcu_init
                0x08004d90       0xf0 /home/mav/paparazzi/var/Radian/ap/mcu.o
                0x08004d90                mcu_init
 .text.mcu_arch_init
                0x08004e80        0x4 /home/mav/paparazzi/var/Radian/ap/arch/stm32/mcu_arch.o
                0x08004e80                mcu_arch_init
 .text.sys_time_register_timer
                0x08004e84       0x5c /home/mav/paparazzi/var/Radian/ap/mcu_periph/sys_time.o
                0x08004e84                sys_time_register_timer
 .text.sys_time_init
                0x08004ee0       0x34 /home/mav/paparazzi/var/Radian/ap/mcu_periph/sys_time.o
                0x08004ee0                sys_time_init
 .text.sys_time_arch_init
                0x08004f14       0x28 /home/mav/paparazzi/var/Radian/ap/arch/stm32/mcu_periph/sys_time_arch.o
                0x08004f14                sys_time_arch_init
 .text.sys_tick_irq_handler
                0x08004f3c       0x80 /home/mav/paparazzi/var/Radian/ap/arch/stm32/mcu_periph/sys_time_arch.o
                0x08004f3c                sys_tick_irq_handler
 *fill*         0x08004fbc        0x4 00
 .text.isometric_latitude_fast_f
                0x08004fc0       0x38 /home/mav/paparazzi/var/Radian/ap/math/pprz_geodetic_float.o
 .text.utm_of_lla_f
                0x08004ff8      0x280 /home/mav/paparazzi/var/Radian/ap/math/pprz_geodetic_float.o
                0x08004ff8                utm_of_lla_f
 .text.i2c_event
                0x08005278        0x2 /home/mav/paparazzi/var/Radian/ap/arch/stm32/mcu_periph/i2c_arch.o
                0x08005278                i2c_event
 *fill*         0x0800527a        0x2 00
 .text.inter_mcu_fill_fbw_state
                0x0800527c       0x78 /home/mav/paparazzi/var/Radian/ap/firmwares/fixedwing/main_fbw.o
 .text.handle_rc_frame
                0x080052f4       0x3c /home/mav/paparazzi/var/Radian/ap/firmwares/fixedwing/main_fbw.o
 .text.init_fbw
                0x08005330       0xa4 /home/mav/paparazzi/var/Radian/ap/firmwares/fixedwing/main_fbw.o
                0x08005330                init_fbw
 *fill*         0x080053d4        0x4 00
 .text.event_task_fbw
                0x080053d8      0x1d0 /home/mav/paparazzi/var/Radian/ap/firmwares/fixedwing/main_fbw.o
                0x080053d8                event_task_fbw
 .text.periodic_task_fbw
                0x080055a8      0x804 /home/mav/paparazzi/var/Radian/ap/firmwares/fixedwing/main_fbw.o
                0x080055a8                periodic_task_fbw
 .text.handle_periodic_tasks_fbw
                0x08005dac       0x48 /home/mav/paparazzi/var/Radian/ap/firmwares/fixedwing/main_fbw.o
                0x08005dac                handle_periodic_tasks_fbw
 .text.electrical_init
                0x08005df4       0x1c /home/mav/paparazzi/var/Radian/ap/subsystems/electrical.o
                0x08005df4                electrical_init
 .text.electrical_periodic
                0x08005e10       0x40 /home/mav/paparazzi/var/Radian/ap/subsystems/electrical.o
                0x08005e10                electrical_periodic
 .text.init_ap  0x08005e50       0xb0 /home/mav/paparazzi/var/Radian/ap/firmwares/fixedwing/main_ap.o
                0x08005e50                init_ap
 .text.reporting_task
                0x08005f00     0x9150 /home/mav/paparazzi/var/Radian/ap/firmwares/fixedwing/main_ap.o
                0x08005f00                reporting_task
 .text.navigation_task
                0x0800f050      0x670 /home/mav/paparazzi/var/Radian/ap/firmwares/fixedwing/main_ap.o
                0x0800f050                navigation_task
 .text.attitude_loop
                0x0800f6c0       0x40 /home/mav/paparazzi/var/Radian/ap/firmwares/fixedwing/main_ap.o
                0x0800f6c0                attitude_loop
 .text.sensors_task
                0x0800f700       0x1c /home/mav/paparazzi/var/Radian/ap/firmwares/fixedwing/main_ap.o
                0x0800f700                sensors_task
 *fill*         0x0800f71c        0x4 00
 .text.monitor_task
                0x0800f720      0x180 /home/mav/paparazzi/var/Radian/ap/firmwares/fixedwing/main_ap.o
                0x0800f720                monitor_task
 .text.handle_periodic_tasks_ap
                0x0800f8a0      0x104 /home/mav/paparazzi/var/Radian/ap/firmwares/fixedwing/main_ap.o
                0x0800f8a0                handle_periodic_tasks_ap
 *fill*         0x0800f9a4        0x4 00
 .text.event_task_ap
                0x0800f9a8      0x6f8 /home/mav/paparazzi/var/Radian/ap/firmwares/fixedwing/main_ap.o
                0x0800f9a8                event_task_ap
 .text.estimator_init
                0x080100a0       0x7c /home/mav/paparazzi/var/Radian/ap/./estimator.o
                0x080100a0                estimator_init
 *fill*         0x0801011c        0x4 00
 .text.estimator_update_state_gps
                0x08010120       0xf8 /home/mav/paparazzi/var/Radian/ap/./estimator.o
                0x08010120                estimator_update_state_gps
 .text.nmi_exception
                0x08010218        0x2 /home/mav/paparazzi/var/Radian/ap/arch/stm32/stm32_exceptions.o
                0x08010218                nmi_exception
 .text.hard_fault_exception
                0x0801021a        0x2 /home/mav/paparazzi/var/Radian/ap/arch/stm32/stm32_exceptions.o
                0x0801021a                hard_fault_exception
 .text.mem_manage_exception
                0x0801021c        0x2 /home/mav/paparazzi/var/Radian/ap/arch/stm32/stm32_exceptions.o
                0x0801021c                mem_manage_exception
 .text.bus_fault_exception
                0x0801021e        0x2 /home/mav/paparazzi/var/Radian/ap/arch/stm32/stm32_exceptions.o
                0x0801021e                bus_fault_exception
 .text.usage_fault_exception
                0x08010220        0x2 /home/mav/paparazzi/var/Radian/ap/arch/stm32/stm32_exceptions.o
                0x08010220                usage_fault_exception
 .text.null_handler
                0x08010222        0x2 /home/mav/paparazzi/var/Radian/ap/arch/stm32/stm32_vector_table.o
                0x08010222                null_handler
 .text.reset_handler_stage2
                0x08010224       0x3c /home/mav/paparazzi/var/Radian/ap/arch/stm32/stm32_vector_table.o
                0x08010224                reset_handler_stage2
 .text.reset_handler_stage1
                0x08010260       0x24 /home/mav/paparazzi/var/Radian/ap/arch/stm32/stm32_vector_table.o
                0x08010260                reset_handler_stage1
 .text.startup.main
                0x08010284       0x1c /home/mav/paparazzi/var/Radian/ap/firmwares/fixedwing/main.o
                0x08010284                main
 .text.uart_periph_init
                0x080102a0       0x18 /home/mav/paparazzi/var/Radian/ap/mcu_periph/uart.o
                0x080102a0                uart_periph_init
 .text.uart_check_free_space
                0x080102b8       0x28 /home/mav/paparazzi/var/Radian/ap/mcu_periph/uart.o
                0x080102b8                uart_check_free_space
 .text.usart_irq_handler
                0x080102e0       0x7e /home/mav/paparazzi/var/Radian/ap/arch/stm32/mcu_periph/uart_arch.o
 .text.uart_periph_set_baudrate
                0x0801035e       0x52 /home/mav/paparazzi/var/Radian/ap/arch/stm32/mcu_periph/uart_arch.o
                0x0801035e                uart_periph_set_baudrate
 .text.uart_transmit
                0x080103b0       0x60 /home/mav/paparazzi/var/Radian/ap/arch/stm32/mcu_periph/uart_arch.o
                0x080103b0                uart_transmit
 .text.uart2_init
                0x08010410       0x88 /home/mav/paparazzi/var/Radian/ap/arch/stm32/mcu_periph/uart_arch.o
                0x08010410                uart2_init
 .text.usart2_irq_handler
                0x08010498        0xc /home/mav/paparazzi/var/Radian/ap/arch/stm32/mcu_periph/uart_arch.o
                0x08010498                usart2_irq_handler
 .text.uart3_init
                0x080104a4       0xa0 /home/mav/paparazzi/var/Radian/ap/arch/stm32/mcu_periph/uart_arch.o
                0x080104a4                uart3_init
 .text.usart3_irq_handler
                0x08010544        0xc /home/mav/paparazzi/var/Radian/ap/arch/stm32/mcu_periph/uart_arch.o
                0x08010544                usart3_irq_handler
 .text.settings_init
                0x08010550        0x2 /home/mav/paparazzi/var/Radian/ap/subsystems/settings.o
                0x08010550                settings_init
 *fill*         0x08010552        0x2 00
 .text.adc_buf_channel
                0x08010554       0x10 /home/mav/paparazzi/var/Radian/ap/arch/stm32/mcu_periph/adc_arch.o
                0x08010554                adc_buf_channel
 .text.adc_init
                0x08010564      0x180 /home/mav/paparazzi/var/Radian/ap/arch/stm32/mcu_periph/adc_arch.o
                0x08010564                adc_init
 .text.adc1_2_irq_handler
                0x080106e4       0x68 /home/mav/paparazzi/var/Radian/ap/arch/stm32/mcu_periph/adc_arch.o
                0x080106e4                adc1_2_irq_handler
 .text.actuators_init
                0x0801074c        0x4 /home/mav/paparazzi/var/Radian/ap/arch/stm32/servos_direct_hw.o
                0x0801074c                actuators_init
 .text.actuators_pwm_arch_init
                0x08010750      0x134 /home/mav/paparazzi/var/Radian/ap/firmwares/rotorcraft/actuators/arch/stm32/actuators_pwm_arch.o
                0x08010750                actuators_pwm_arch_init
 .text.actuators_pwm_commit
                0x08010884       0x48 /home/mav/paparazzi/var/Radian/ap/firmwares/rotorcraft/actuators/arch/stm32/actuators_pwm_arch.o
                0x08010884                actuators_pwm_commit
 .text.DelayUs  0x080108cc       0x18 /home/mav/paparazzi/var/Radian/ap/arch/stm32/subsystems/radio_control/spektrum_arch.o
 .text.RadioControlEventImp
                0x080108e4       0xf4 /home/mav/paparazzi/var/Radian/ap/arch/stm32/subsystems/radio_control/spektrum_arch.o
                0x080108e4                RadioControlEventImp
 .text.SpektrumTimerInit
                0x080109d8       0x74 /home/mav/paparazzi/var/Radian/ap/arch/stm32/subsystems/radio_control/spektrum_arch.o
                0x080109d8                SpektrumTimerInit
 .text.tim6_irq_handler
                0x08010a4c       0x20 /home/mav/paparazzi/var/Radian/ap/arch/stm32/subsystems/radio_control/spektrum_arch.o
                0x08010a4c                tim6_irq_handler
 .text.SpektrumUartInit
                0x08010a6c       0x94 /home/mav/paparazzi/var/Radian/ap/arch/stm32/subsystems/radio_control/spektrum_arch.o
                0x08010a6c                SpektrumUartInit
 .text.radio_control_impl_init
                0x08010b00        0xe /home/mav/paparazzi/var/Radian/ap/arch/stm32/subsystems/radio_control/spektrum_arch.o
                0x08010b00                radio_control_impl_init
 *fill*         0x08010b0e        0x2 00
 .text.usart1_irq_handler
                0x08010b10      0x11c /home/mav/paparazzi/var/Radian/ap/arch/stm32/subsystems/radio_control/spektrum_arch.o
                0x08010b10                usart1_irq_handler
 .text.radio_control_spektrum_try_bind
                0x08010c2c       0xdc /home/mav/paparazzi/var/Radian/ap/arch/stm32/subsystems/radio_control/spektrum_arch.o
                0x08010c2c                radio_control_spektrum_try_bind
 .text.dl_parse_msg
                0x08010d08      0xb00 /home/mav/paparazzi/var/Radian/ap/firmwares/fixedwing/datalink.o
                0x08010d08                dl_parse_msg
 .text.h_ctl_init
                0x08011808       0xb8 /home/mav/paparazzi/var/Radian/ap/firmwares/fixedwing/stabilization/stabilization_attitude.o
                0x08011808                h_ctl_init
 .text.h_ctl_course_loop
                0x080118c0      0x1c0 /home/mav/paparazzi/var/Radian/ap/firmwares/fixedwing/stabilization/stabilization_attitude.o
                0x080118c0                h_ctl_course_loop
 .text.h_ctl_attitude_loop
                0x08011a80      0x16c /home/mav/paparazzi/var/Radian/ap/firmwares/fixedwing/stabilization/stabilization_attitude.o
                0x08011a80                h_ctl_attitude_loop
 .text.v_ctl_init
                0x08011bec      0x108 /home/mav/paparazzi/var/Radian/ap/firmwares/fixedwing/guidance/guidance_v.o
                0x08011bec                v_ctl_init
 .text.v_ctl_altitude_loop
                0x08011cf4       0x78 /home/mav/paparazzi/var/Radian/ap/firmwares/fixedwing/guidance/guidance_v.o
                0x08011cf4                v_ctl_altitude_loop
 *fill*         0x08011d6c        0x4 00
 .text.v_ctl_climb_loop
                0x08011d70      0x208 /home/mav/paparazzi/var/Radian/ap/firmwares/fixedwing/guidance/guidance_v.o
                0x08011d70                v_ctl_climb_loop
 .text.v_ctl_throttle_slew
                0x08011f78       0x58 /home/mav/paparazzi/var/Radian/ap/firmwares/fixedwing/guidance/guidance_v.o
                0x08011f78                v_ctl_throttle_slew
 .text.ahrs_init
                0x08011fd0      0x15c /home/mav/paparazzi/var/Radian/ap/subsystems/ahrs/ahrs_int_cmpl_quat.o
                0x08011fd0                ahrs_init
 *fill*         0x0801212c        0x4 00
 .text.ahrs_align
                0x08012130      0xa60 /home/mav/paparazzi/var/Radian/ap/subsystems/ahrs/ahrs_int_cmpl_quat.o
                0x08012130                ahrs_align
 .text.ahrs_propagate
                0x08012b90      0x558 /home/mav/paparazzi/var/Radian/ap/subsystems/ahrs/ahrs_int_cmpl_quat.o
                0x08012b90                ahrs_propagate
 .text.ahrs_update_accel
                0x080130e8      0x1f8 /home/mav/paparazzi/var/Radian/ap/subsystems/ahrs/ahrs_int_cmpl_quat.o
                0x080130e8                ahrs_update_accel
 .text.ahrs_update_mag
                0x080132e0       0xd4 /home/mav/paparazzi/var/Radian/ap/subsystems/ahrs/ahrs_int_cmpl_quat.o
                0x080132e0                ahrs_update_mag
 .text.ahrs_update_gps
                0x080133b4       0x48 /home/mav/paparazzi/var/Radian/ap/subsystems/ahrs/ahrs_int_cmpl_quat.o
                0x080133b4                ahrs_update_gps
 .text.ahrs_update_fw_estimator
                0x080133fc       0xb8 /home/mav/paparazzi/var/Radian/ap/subsystems/ahrs/ahrs_int_cmpl_quat.o
                0x080133fc                ahrs_update_fw_estimator
 .text.ahrs_aligner_init
                0x080134b4       0x40 /home/mav/paparazzi/var/Radian/ap/subsystems/ahrs/ahrs_aligner.o
                0x080134b4                ahrs_aligner_init
 .text.ahrs_aligner_run
                0x080134f4      0x168 /home/mav/paparazzi/var/Radian/ap/subsystems/ahrs/ahrs_aligner.o
                0x080134f4                ahrs_aligner_run
 .text.gps_ubx_ucenter_enable_msg.constprop.0
                0x0801365c      0x150 /home/mav/paparazzi/var/Radian/ap/subsystems/gps/gps_ubx.o
 .text.gps_impl_init
                0x080137ac       0x1c /home/mav/paparazzi/var/Radian/ap/subsystems/gps/gps_ubx.o
                0x080137ac                gps_impl_init
 .text.gps_ubx_read_message
                0x080137c8      0x398 /home/mav/paparazzi/var/Radian/ap/subsystems/gps/gps_ubx.o
                0x080137c8                gps_ubx_read_message
 .text.gps_ubx_parse
                0x08013b60      0x104 /home/mav/paparazzi/var/Radian/ap/subsystems/gps/gps_ubx.o
                0x08013b60                gps_ubx_parse
 .text.gps_ubx_ucenter_init
                0x08013c64       0x2c /home/mav/paparazzi/var/Radian/ap/subsystems/gps/gps_ubx.o
                0x08013c64                gps_ubx_ucenter_init
 .text.gps_ubx_ucenter_periodic
                0x08013c90     0x1518 /home/mav/paparazzi/var/Radian/ap/subsystems/gps/gps_ubx.o
                0x08013c90                gps_ubx_ucenter_periodic
 .text.gps_ubx_ucenter_event
                0x080151a8       0x70 /home/mav/paparazzi/var/Radian/ap/subsystems/gps/gps_ubx.o
                0x080151a8                gps_ubx_ucenter_event
 .text.gps_init
                0x08015218       0x14 /home/mav/paparazzi/var/Radian/ap/subsystems/gps.o
                0x08015218                gps_init
 .text.imu_init
                0x0801522c      0x1ac /home/mav/paparazzi/var/Radian/ap/subsystems/imu.o
                0x0801522c                imu_init
 .text.mpu_wait_slave4_ready
                0x080153d8       0x34 /home/mav/paparazzi/var/Radian/ap/subsystems/imu/imu_aspirin2.o
 .text.mpu_set  0x0801540c       0x20 /home/mav/paparazzi/var/Radian/ap/subsystems/imu/imu_aspirin2.o
 .text.imu_impl_init
                0x0801542c       0x28 /home/mav/paparazzi/var/Radian/ap/subsystems/imu/imu_aspirin2.o
                0x0801542c                imu_impl_init
 .text.imu_periodic
                0x08015454       0xf8 /home/mav/paparazzi/var/Radian/ap/subsystems/imu/imu_aspirin2.o
                0x08015454                imu_periodic
 .text.spi_arch_int_enable
                0x0801554c       0x18 /home/mav/paparazzi/var/Radian/ap/arch/stm32/mcu_periph/spi_arch.o
                0x0801554c                spi_arch_int_enable
 .text.spi_init
                0x08015564       0xb8 /home/mav/paparazzi/var/Radian/ap/arch/stm32/mcu_periph/spi_arch.o
                0x08015564                spi_init
 .text.spi_rw   0x0801561c       0xe0 /home/mav/paparazzi/var/Radian/ap/arch/stm32/mcu_periph/spi_arch.o
                0x0801561c                spi_rw
 .text.dma1_c4_irq_handler
                0x080156fc       0x78 /home/mav/paparazzi/var/Radian/ap/arch/stm32/mcu_periph/spi_arch.o
                0x080156fc                dma1_c4_irq_handler
 .text.nav_set_altitude
                0x08015774       0x3c /home/mav/paparazzi/var/Radian/ap/subsystems/nav.o
 .text.nav_init_stage
                0x080157b0       0x58 /home/mav/paparazzi/var/Radian/ap/subsystems/nav.o
                0x080157b0                nav_init_stage
 .text.nav_approaching_xy
                0x08015808       0xac /home/mav/paparazzi/var/Radian/ap/subsystems/nav.o
                0x08015808                nav_approaching_xy
 *fill*         0x080158b4        0x4 00
 .text.fly_to_xy
                0x080158b8      0x208 /home/mav/paparazzi/var/Radian/ap/subsystems/nav.o
                0x080158b8                fly_to_xy
 .text.nav_circle_XY
                0x08015ac0      0x340 /home/mav/paparazzi/var/Radian/ap/subsystems/nav.o
                0x08015ac0                nav_circle_XY
 .text.nav_route_xy
                0x08015e00      0x180 /home/mav/paparazzi/var/Radian/ap/subsystems/nav.o
                0x08015e00                nav_route_xy
 .text.compute_dist2_to_home
                0x08015f80       0x64 /home/mav/paparazzi/var/Radian/ap/subsystems/nav.o
                0x08015f80                compute_dist2_to_home
 *fill*         0x08015fe4        0x4 00
 .text.nav_reset_reference
                0x08015fe8       0xe0 /home/mav/paparazzi/var/Radian/ap/subsystems/nav.o
                0x08015fe8                nav_reset_reference
 .text.nav_update_waypoints_alt
                0x080160c8       0x38 /home/mav/paparazzi/var/Radian/ap/subsystems/nav.o
                0x080160c8                nav_update_waypoints_alt
 .text.common_nav_periodic_task_4Hz
                0x08016100       0x30 /home/mav/paparazzi/var/Radian/ap/subsystems/nav.o
                0x08016100                common_nav_periodic_task_4Hz
 .text.nav_move_waypoint
                0x08016130       0xc8 /home/mav/paparazzi/var/Radian/ap/subsystems/nav.o
                0x08016130                nav_move_waypoint
 .text.nav_home
                0x080161f8       0x6c /home/mav/paparazzi/var/Radian/ap/subsystems/nav.o
                0x080161f8                nav_home
 *fill*         0x08016264        0x4 00
 .text.nav_periodic_task
                0x08016268      0x708 /home/mav/paparazzi/var/Radian/ap/subsystems/nav.o
                0x08016268                nav_periodic_task
 .text.nav_init
                0x08016970       0x54 /home/mav/paparazzi/var/Radian/ap/subsystems/nav.o
                0x08016970                nav_init
 .text.nav_without_gps
                0x080169c4       0x3c /home/mav/paparazzi/var/Radian/ap/subsystems/nav.o
                0x080169c4                nav_without_gps
 .text.nav_init_block
                0x08016a00       0x28 /home/mav/paparazzi/var/Radian/ap/subsystems/navigation/common_flight_plan.o
                0x08016a00                nav_init_block
 .text.nav_goto_block
                0x08016a28       0x2c /home/mav/paparazzi/var/Radian/ap/subsystems/navigation/common_flight_plan.o
                0x08016a28                nav_goto_block
 .text.traffic_info_init
                0x08016a54       0x24 /home/mav/paparazzi/var/Radian/ap/subsystems/navigation/traffic_info.o
                0x08016a54                traffic_info_init
 .text.nav_line_init
                0x08016a78        0xc /home/mav/paparazzi/var/Radian/ap/subsystems/navigation/nav_line.o
                0x08016a78                nav_line_init
 *fill*         0x08016a84        0x4 00
 .text.nav_line
                0x08016a88      0xa68 /home/mav/paparazzi/var/Radian/ap/subsystems/navigation/nav_line.o
                0x08016a88                nav_line
 .text.ADC_Init
                0x080174f0       0x48 /opt/paparazzi/arm-multilib/lib/gcc/arm-none-eabi/4.6.2/../../../../arm-none-eabi/lib/libstm32.a(stm32_adc.o)
                0x080174f0                ADC_Init
 .text.ADC_Cmd  0x08017538       0x12 /opt/paparazzi/arm-multilib/lib/gcc/arm-none-eabi/4.6.2/../../../../arm-none-eabi/lib/libstm32.a(stm32_adc.o)
                0x08017538                ADC_Cmd
 .text.ADC_ITConfig
                0x0801754a       0x12 /opt/paparazzi/arm-multilib/lib/gcc/arm-none-eabi/4.6.2/../../../../arm-none-eabi/lib/libstm32.a(stm32_adc.o)
                0x0801754a                ADC_ITConfig
 .text.ADC_ResetCalibration
                0x0801755c        0xa /opt/paparazzi/arm-multilib/lib/gcc/arm-none-eabi/4.6.2/../../../../arm-none-eabi/lib/libstm32.a(stm32_adc.o)
                0x0801755c                ADC_ResetCalibration
 .text.ADC_GetResetCalibrationStatus
                0x08017566        0x8 /opt/paparazzi/arm-multilib/lib/gcc/arm-none-eabi/4.6.2/../../../../arm-none-eabi/lib/libstm32.a(stm32_adc.o)
                0x08017566                ADC_GetResetCalibrationStatus
 .text.ADC_StartCalibration
                0x0801756e        0xa /opt/paparazzi/arm-multilib/lib/gcc/arm-none-eabi/4.6.2/../../../../arm-none-eabi/lib/libstm32.a(stm32_adc.o)
                0x0801756e                ADC_StartCalibration
 .text.ADC_GetCalibrationStatus
                0x08017578        0x8 /opt/paparazzi/arm-multilib/lib/gcc/arm-none-eabi/4.6.2/../../../../arm-none-eabi/lib/libstm32.a(stm32_adc.o)
                0x08017578                ADC_GetCalibrationStatus
 .text.ADC_ExternalTrigInjectedConvConfig
                0x08017580        0xc /opt/paparazzi/arm-multilib/lib/gcc/arm-none-eabi/4.6.2/../../../../arm-none-eabi/lib/libstm32.a(stm32_adc.o)
                0x08017580                ADC_ExternalTrigInjectedConvConfig
 .text.ADC_ExternalTrigInjectedConvCmd
                0x0801758c       0x12 /opt/paparazzi/arm-multilib/lib/gcc/arm-none-eabi/4.6.2/../../../../arm-none-eabi/lib/libstm32.a(stm32_adc.o)
                0x0801758c                ADC_ExternalTrigInjectedConvCmd
 .text.ADC_InjectedChannelConfig
                0x0801759e       0x58 /opt/paparazzi/arm-multilib/lib/gcc/arm-none-eabi/4.6.2/../../../../arm-none-eabi/lib/libstm32.a(stm32_adc.o)
                0x0801759e                ADC_InjectedChannelConfig
 .text.ADC_InjectedSequencerLengthConfig
                0x080175f6       0x10 /opt/paparazzi/arm-multilib/lib/gcc/arm-none-eabi/4.6.2/../../../../arm-none-eabi/lib/libstm32.a(stm32_adc.o)
                0x080175f6                ADC_InjectedSequencerLengthConfig
 .text.ADC_GetInjectedConversionValue
                0x08017606        0x8 /opt/paparazzi/arm-multilib/lib/gcc/arm-none-eabi/4.6.2/../../../../arm-none-eabi/lib/libstm32.a(stm32_adc.o)
                0x08017606                ADC_GetInjectedConversionValue
 .text.ADC_ClearITPendingBit
                0x0801760e        0x8 /opt/paparazzi/arm-multilib/lib/gcc/arm-none-eabi/4.6.2/../../../../arm-none-eabi/lib/libstm32.a(stm32_adc.o)
                0x0801760e                ADC_ClearITPendingBit
 *fill*         0x08017616        0x2 00
 .text.TIM_TimeBaseInit
                0x08017618       0x3c /opt/paparazzi/arm-multilib/lib/gcc/arm-none-eabi/4.6.2/../../../../arm-none-eabi/lib/libstm32.a(stm32_tim.o)
                0x08017618                TIM_TimeBaseInit
 .text.TIM_OC1Init
                0x08017654       0x74 /opt/paparazzi/arm-multilib/lib/gcc/arm-none-eabi/4.6.2/../../../../arm-none-eabi/lib/libstm32.a(stm32_tim.o)
                0x08017654                TIM_OC1Init
 .text.TIM_OC2Init
                0x080176c8       0x88 /opt/paparazzi/arm-multilib/lib/gcc/arm-none-eabi/4.6.2/../../../../arm-none-eabi/lib/libstm32.a(stm32_tim.o)
                0x080176c8                TIM_OC2Init
 .text.TIM_OC3Init
                0x08017750       0x84 /opt/paparazzi/arm-multilib/lib/gcc/arm-none-eabi/4.6.2/../../../../arm-none-eabi/lib/libstm32.a(stm32_tim.o)
                0x08017750                TIM_OC3Init
 .text.TIM_OC4Init
                0x080177d4       0x68 /opt/paparazzi/arm-multilib/lib/gcc/arm-none-eabi/4.6.2/../../../../arm-none-eabi/lib/libstm32.a(stm32_tim.o)
                0x080177d4                TIM_OC4Init
 .text.TIM_TimeBaseStructInit
                0x0801783c       0x12 /opt/paparazzi/arm-multilib/lib/gcc/arm-none-eabi/4.6.2/../../../../arm-none-eabi/lib/libstm32.a(stm32_tim.o)
                0x0801783c                TIM_TimeBaseStructInit
 .text.TIM_Cmd  0x0801784e       0x18 /opt/paparazzi/arm-multilib/lib/gcc/arm-none-eabi/4.6.2/../../../../arm-none-eabi/lib/libstm32.a(stm32_tim.o)
                0x0801784e                TIM_Cmd
 .text.TIM_CtrlPWMOutputs
                0x08017866       0x1c /opt/paparazzi/arm-multilib/lib/gcc/arm-none-eabi/4.6.2/../../../../arm-none-eabi/lib/libstm32.a(stm32_tim.o)
                0x08017866                TIM_CtrlPWMOutputs
 .text.TIM_ITConfig
                0x08017882       0x12 /opt/paparazzi/arm-multilib/lib/gcc/arm-none-eabi/4.6.2/../../../../arm-none-eabi/lib/libstm32.a(stm32_tim.o)
                0x08017882                TIM_ITConfig
 .text.TIM_ARRPreloadConfig
                0x08017894       0x18 /opt/paparazzi/arm-multilib/lib/gcc/arm-none-eabi/4.6.2/../../../../arm-none-eabi/lib/libstm32.a(stm32_tim.o)
                0x08017894                TIM_ARRPreloadConfig
 .text.TIM_OC1PreloadConfig
                0x080178ac       0x10 /opt/paparazzi/arm-multilib/lib/gcc/arm-none-eabi/4.6.2/../../../../arm-none-eabi/lib/libstm32.a(stm32_tim.o)
                0x080178ac                TIM_OC1PreloadConfig
 .text.TIM_OC2PreloadConfig
                0x080178bc       0x14 /opt/paparazzi/arm-multilib/lib/gcc/arm-none-eabi/4.6.2/../../../../arm-none-eabi/lib/libstm32.a(stm32_tim.o)
                0x080178bc                TIM_OC2PreloadConfig
 .text.TIM_OC3PreloadConfig
                0x080178d0       0x10 /opt/paparazzi/arm-multilib/lib/gcc/arm-none-eabi/4.6.2/../../../../arm-none-eabi/lib/libstm32.a(stm32_tim.o)
                0x080178d0                TIM_OC3PreloadConfig
 .text.TIM_OC4PreloadConfig
                0x080178e0       0x14 /opt/paparazzi/arm-multilib/lib/gcc/arm-none-eabi/4.6.2/../../../../arm-none-eabi/lib/libstm32.a(stm32_tim.o)
                0x080178e0                TIM_OC4PreloadConfig
 .text.TIM_SelectOutputTrigger
                0x080178f4       0x16 /opt/paparazzi/arm-multilib/lib/gcc/arm-none-eabi/4.6.2/../../../../arm-none-eabi/lib/libstm32.a(stm32_tim.o)
                0x080178f4                TIM_SelectOutputTrigger
 .text.TIM_SetCompare1
                0x0801790a        0x4 /opt/paparazzi/arm-multilib/lib/gcc/arm-none-eabi/4.6.2/../../../../arm-none-eabi/lib/libstm32.a(stm32_tim.o)
                0x0801790a                TIM_SetCompare1
 .text.TIM_SetCompare2
                0x0801790e        0x4 /opt/paparazzi/arm-multilib/lib/gcc/arm-none-eabi/4.6.2/../../../../arm-none-eabi/lib/libstm32.a(stm32_tim.o)
                0x0801790e                TIM_SetCompare2
 .text.TIM_SetCompare3
                0x08017912        0x4 /opt/paparazzi/arm-multilib/lib/gcc/arm-none-eabi/4.6.2/../../../../arm-none-eabi/lib/libstm32.a(stm32_tim.o)
                0x08017912                TIM_SetCompare3
 .text.TIM_SetCompare4
                0x08017916        0x6 /opt/paparazzi/arm-multilib/lib/gcc/arm-none-eabi/4.6.2/../../../../arm-none-eabi/lib/libstm32.a(stm32_tim.o)
                0x08017916                TIM_SetCompare4
 .text.TIM_ClearFlag
                0x0801791c        0x8 /opt/paparazzi/arm-multilib/lib/gcc/arm-none-eabi/4.6.2/../../../../arm-none-eabi/lib/libstm32.a(stm32_tim.o)
                0x0801791c                TIM_ClearFlag
 .text.TIM_ClearITPendingBit
                0x08017924        0x8 /opt/paparazzi/arm-multilib/lib/gcc/arm-none-eabi/4.6.2/../../../../arm-none-eabi/lib/libstm32.a(stm32_tim.o)
                0x08017924                TIM_ClearITPendingBit
 .text.DMA_DeInit
                0x0801792c       0xe8 /opt/paparazzi/arm-multilib/lib/gcc/arm-none-eabi/4.6.2/../../../../arm-none-eabi/lib/libstm32.a(stm32_dma.o)
                0x0801792c                DMA_DeInit
 .text.DMA_Init
                0x08017a14       0x3c /opt/paparazzi/arm-multilib/lib/gcc/arm-none-eabi/4.6.2/../../../../arm-none-eabi/lib/libstm32.a(stm32_dma.o)
                0x08017a14                DMA_Init
 .text.DMA_Cmd  0x08017a50       0x12 /opt/paparazzi/arm-multilib/lib/gcc/arm-none-eabi/4.6.2/../../../../arm-none-eabi/lib/libstm32.a(stm32_dma.o)
                0x08017a50                DMA_Cmd
 .text.DMA_ITConfig
                0x08017a62       0x10 /opt/paparazzi/arm-multilib/lib/gcc/arm-none-eabi/4.6.2/../../../../arm-none-eabi/lib/libstm32.a(stm32_dma.o)
                0x08017a62                DMA_ITConfig
 *fill*         0x08017a72        0x2 00
 .text.DMA_GetITStatus
                0x08017a74       0x1c /opt/paparazzi/arm-multilib/lib/gcc/arm-none-eabi/4.6.2/../../../../arm-none-eabi/lib/libstm32.a(stm32_dma.o)
                0x08017a74                DMA_GetITStatus
 .text.DMA_ClearITPendingBit
                0x08017a90       0x14 /opt/paparazzi/arm-multilib/lib/gcc/arm-none-eabi/4.6.2/../../../../arm-none-eabi/lib/libstm32.a(stm32_dma.o)
                0x08017a90                DMA_ClearITPendingBit
 .text.GPIO_Init
                0x08017aa4       0xaa /opt/paparazzi/arm-multilib/lib/gcc/arm-none-eabi/4.6.2/../../../../arm-none-eabi/lib/libstm32.a(stm32_gpio.o)
                0x08017aa4                GPIO_Init
 .text.GPIO_ReadInputDataBit
                0x08017b4e        0xc /opt/paparazzi/arm-multilib/lib/gcc/arm-none-eabi/4.6.2/../../../../arm-none-eabi/lib/libstm32.a(stm32_gpio.o)
                0x08017b4e                GPIO_ReadInputDataBit
 .text.GPIO_WriteBit
                0x08017b5a        0xa /opt/paparazzi/arm-multilib/lib/gcc/arm-none-eabi/4.6.2/../../../../arm-none-eabi/lib/libstm32.a(stm32_gpio.o)
                0x08017b5a                GPIO_WriteBit
 .text.GPIO_PinRemapConfig
                0x08017b64       0x54 /opt/paparazzi/arm-multilib/lib/gcc/arm-none-eabi/4.6.2/../../../../arm-none-eabi/lib/libstm32.a(stm32_gpio.o)
                0x08017b64                GPIO_PinRemapConfig
 .text.USART_Init
                0x08017bb8       0x8c /opt/paparazzi/arm-multilib/lib/gcc/arm-none-eabi/4.6.2/../../../../arm-none-eabi/lib/libstm32.a(stm32_usart.o)
                0x08017bb8                USART_Init
 .text.USART_Cmd
                0x08017c44       0x18 /opt/paparazzi/arm-multilib/lib/gcc/arm-none-eabi/4.6.2/../../../../arm-none-eabi/lib/libstm32.a(stm32_usart.o)
                0x08017c44                USART_Cmd
 .text.USART_ITConfig
                0x08017c5c       0x32 /opt/paparazzi/arm-multilib/lib/gcc/arm-none-eabi/4.6.2/../../../../arm-none-eabi/lib/libstm32.a(stm32_usart.o)
                0x08017c5c                USART_ITConfig
 .text.USART_SendData
                0x08017c8e        0x8 /opt/paparazzi/arm-multilib/lib/gcc/arm-none-eabi/4.6.2/../../../../arm-none-eabi/lib/libstm32.a(stm32_usart.o)
                0x08017c8e                USART_SendData
 .text.USART_ReceiveData
                0x08017c96        0x8 /opt/paparazzi/arm-multilib/lib/gcc/arm-none-eabi/4.6.2/../../../../arm-none-eabi/lib/libstm32.a(stm32_usart.o)
                0x08017c96                USART_ReceiveData
 .text.USART_GetITStatus
                0x08017c9e       0x3e /opt/paparazzi/arm-multilib/lib/gcc/arm-none-eabi/4.6.2/../../../../arm-none-eabi/lib/libstm32.a(stm32_usart.o)
                0x08017c9e                USART_GetITStatus
 .text.SPI_Init
                0x08017cdc       0x3e /opt/paparazzi/arm-multilib/lib/gcc/arm-none-eabi/4.6.2/../../../../arm-none-eabi/lib/libstm32.a(stm32_spi.o)
                0x08017cdc                SPI_Init
 .text.SPI_Cmd  0x08017d1a       0x18 /opt/paparazzi/arm-multilib/lib/gcc/arm-none-eabi/4.6.2/../../../../arm-none-eabi/lib/libstm32.a(stm32_spi.o)
                0x08017d1a                SPI_Cmd
 .text.SPI_I2S_DMACmd
                0x08017d32       0x12 /opt/paparazzi/arm-multilib/lib/gcc/arm-none-eabi/4.6.2/../../../../arm-none-eabi/lib/libstm32.a(stm32_spi.o)
                0x08017d32                SPI_I2S_DMACmd
 .text.RCC_ADCCLKConfig
                0x08017d44       0x14 /opt/paparazzi/arm-multilib/lib/gcc/arm-none-eabi/4.6.2/../../../../arm-none-eabi/lib/libstm32.a(stm32_rcc.o)
                0x08017d44                RCC_ADCCLKConfig
 .text.RCC_GetClocksFreq
                0x08017d58       0x8c /opt/paparazzi/arm-multilib/lib/gcc/arm-none-eabi/4.6.2/../../../../arm-none-eabi/lib/libstm32.a(stm32_rcc.o)
                0x08017d58                RCC_GetClocksFreq
 .text.RCC_AHBPeriphClockCmd
                0x08017de4       0x18 /opt/paparazzi/arm-multilib/lib/gcc/arm-none-eabi/4.6.2/../../../../arm-none-eabi/lib/libstm32.a(stm32_rcc.o)
                0x08017de4                RCC_AHBPeriphClockCmd
 .text.RCC_APB2PeriphClockCmd
                0x08017dfc       0x18 /opt/paparazzi/arm-multilib/lib/gcc/arm-none-eabi/4.6.2/../../../../arm-none-eabi/lib/libstm32.a(stm32_rcc.o)
                0x08017dfc                RCC_APB2PeriphClockCmd
 .text.RCC_APB1PeriphClockCmd
                0x08017e14       0x18 /opt/paparazzi/arm-multilib/lib/gcc/arm-none-eabi/4.6.2/../../../../arm-none-eabi/lib/libstm32.a(stm32_rcc.o)
                0x08017e14                RCC_APB1PeriphClockCmd
 .text.NVIC_Init
                0x08017e2c       0x64 /opt/paparazzi/arm-multilib/lib/gcc/arm-none-eabi/4.6.2/../../../../arm-none-eabi/lib/libstm32.a(stm32_misc.o)
                0x08017e2c                NVIC_Init
 .text.rcc_wait_for_osc_ready
                0x08017e90       0x4c /opt/paparazzi/arm-multilib/lib/gcc/arm-none-eabi/4.6.2/../../../../arm-none-eabi/lib/libopencm3_stm32.a(rcc.o)
                0x08017e90                rcc_wait_for_osc_ready
 .text.rcc_osc_on
                0x08017edc       0x4c /opt/paparazzi/arm-multilib/lib/gcc/arm-none-eabi/4.6.2/../../../../arm-none-eabi/lib/libopencm3_stm32.a(rcc.o)
                0x08017edc                rcc_osc_on
 .text.rcc_set_sysclk_source
                0x08017f28       0x14 /opt/paparazzi/arm-multilib/lib/gcc/arm-none-eabi/4.6.2/../../../../arm-none-eabi/lib/libopencm3_stm32.a(rcc.o)
                0x08017f28                rcc_set_sysclk_source
 .text.rcc_set_pll_multiplication_factor
                0x08017f3c       0x14 /opt/paparazzi/arm-multilib/lib/gcc/arm-none-eabi/4.6.2/../../../../arm-none-eabi/lib/libopencm3_stm32.a(rcc.o)
                0x08017f3c                rcc_set_pll_multiplication_factor
 .text.rcc_set_pll_source
                0x08017f50       0x14 /opt/paparazzi/arm-multilib/lib/gcc/arm-none-eabi/4.6.2/../../../../arm-none-eabi/lib/libopencm3_stm32.a(rcc.o)
                0x08017f50                rcc_set_pll_source
 .text.rcc_set_pllxtpre
                0x08017f64       0x14 /opt/paparazzi/arm-multilib/lib/gcc/arm-none-eabi/4.6.2/../../../../arm-none-eabi/lib/libopencm3_stm32.a(rcc.o)
                0x08017f64                rcc_set_pllxtpre
 .text.rcc_set_adcpre
                0x08017f78       0x14 /opt/paparazzi/arm-multilib/lib/gcc/arm-none-eabi/4.6.2/../../../../arm-none-eabi/lib/libopencm3_stm32.a(rcc.o)
                0x08017f78                rcc_set_adcpre
 .text.rcc_set_ppre2
                0x08017f8c       0x14 /opt/paparazzi/arm-multilib/lib/gcc/arm-none-eabi/4.6.2/../../../../arm-none-eabi/lib/libopencm3_stm32.a(rcc.o)
                0x08017f8c                rcc_set_ppre2
 .text.rcc_set_ppre1
                0x08017fa0       0x14 /opt/paparazzi/arm-multilib/lib/gcc/arm-none-eabi/4.6.2/../../../../arm-none-eabi/lib/libopencm3_stm32.a(rcc.o)
                0x08017fa0                rcc_set_ppre1
 .text.rcc_set_hpre
                0x08017fb4       0x14 /opt/paparazzi/arm-multilib/lib/gcc/arm-none-eabi/4.6.2/../../../../arm-none-eabi/lib/libopencm3_stm32.a(rcc.o)
                0x08017fb4                rcc_set_hpre
 .text.rcc_clock_setup_in_hse_12mhz_out_72mhz
                0x08017fc8       0x88 /opt/paparazzi/arm-multilib/lib/gcc/arm-none-eabi/4.6.2/../../../../arm-none-eabi/lib/libopencm3_stm32.a(rcc.o)
                0x08017fc8                rcc_clock_setup_in_hse_12mhz_out_72mhz
 .text.usart_set_baudrate
                0x08018050       0x24 /opt/paparazzi/arm-multilib/lib/gcc/arm-none-eabi/4.6.2/../../../../arm-none-eabi/lib/libopencm3_stm32.a(usart.o)
                0x08018050                usart_set_baudrate
 .text.flash_set_ws
                0x08018074       0x14 /opt/paparazzi/arm-multilib/lib/gcc/arm-none-eabi/4.6.2/../../../../arm-none-eabi/lib/libopencm3_stm32.a(flash.o)
                0x08018074                flash_set_ws
 *(.rodata)
 .rodata        0x08018088       0x11 /home/mav/paparazzi/var/Radian/ap/firmwares/fixedwing/main_ap.o
 .rodata        0x08018099        0x4 /home/mav/paparazzi/var/Radian/ap/arch/stm32/mcu_periph/spi_arch.o
 *fill*         0x0801809d        0x3 00
 .rodata        0x080180a0       0x40 /opt/paparazzi/arm-multilib/lib/gcc/arm-none-eabi/4.6.2/../../../../arm-none-eabi/lib/thumb2/libm.a(lib_a-s_atan.o)
 .rodata        0x080180e0       0x20 /opt/paparazzi/arm-multilib/lib/gcc/arm-none-eabi/4.6.2/../../../../arm-none-eabi/lib/thumb2/libm.a(lib_a-sf_atan.o)
 .rodata        0x08018100       0x30 /opt/paparazzi/arm-multilib/lib/gcc/arm-none-eabi/4.6.2/../../../../arm-none-eabi/lib/thumb2/libm.a(lib_a-e_exp.o)
 .rodata        0x08018130      0x188 /opt/paparazzi/arm-multilib/lib/gcc/arm-none-eabi/4.6.2/../../../../arm-none-eabi/lib/thumb2/libm.a(lib_a-e_rem_pio2.o)
 .rodata        0x080182b8       0x50 /opt/paparazzi/arm-multilib/lib/gcc/arm-none-eabi/4.6.2/../../../../arm-none-eabi/lib/thumb2/libm.a(lib_a-k_rem_pio2.o)
 *(.rodata*)
 .rodata.serie_coeff_proj_mercator
                0x08018308       0x14 /home/mav/paparazzi/var/Radian/ap/math/pprz_geodetic_float.o
 .rodata.commands_failsafe
                0x0801831c        0x6 /home/mav/paparazzi/var/Radian/ap/./commands.o
                0x0801831c                commands_failsafe
 .rodata.version
                0x08018322        0x2 /home/mav/paparazzi/var/Radian/ap/firmwares/fixedwing/main_ap.o
 .rodata.nb_waypoint
                0x08018324        0x1 /home/mav/paparazzi/var/Radian/ap/subsystems/nav.o
                0x08018324                nb_waypoint
 .rodata.str1.1
                0x08018325        0x5 /opt/paparazzi/arm-multilib/lib/gcc/arm-none-eabi/4.6.2/../../../../arm-none-eabi/lib/thumb2/libm.a(lib_a-w_asin.o)
                                  0x6 (size before relaxing)
 .rodata.str1.1
                0x0801832a        0x5 /opt/paparazzi/arm-multilib/lib/gcc/arm-none-eabi/4.6.2/../../../../arm-none-eabi/lib/thumb2/libm.a(lib_a-w_cosh.o)
 .rodata.str1.1
                0x0801832f        0x4 /opt/paparazzi/arm-multilib/lib/gcc/arm-none-eabi/4.6.2/../../../../arm-none-eabi/lib/thumb2/libm.a(lib_a-w_exp.o)
 .rodata.str1.1
                0x08018333        0x4 /opt/paparazzi/arm-multilib/lib/gcc/arm-none-eabi/4.6.2/../../../../arm-none-eabi/lib/thumb2/libm.a(lib_a-w_log.o)
                                  0x5 (size before relaxing)
 .rodata.str1.1
                0x08018337        0x5 /opt/paparazzi/arm-multilib/lib/gcc/arm-none-eabi/4.6.2/../../../../arm-none-eabi/lib/thumb2/libm.a(lib_a-w_sinh.o)
 .rodata.str1.1
                0x0801833c        0x5 /opt/paparazzi/arm-multilib/lib/gcc/arm-none-eabi/4.6.2/../../../../arm-none-eabi/lib/thumb2/libm.a(lib_a-w_sqrt.o)
 .rodata.str1.1
                0x08018341        0x6 /opt/paparazzi/arm-multilib/lib/gcc/arm-none-eabi/4.6.2/../../../../arm-none-eabi/lib/thumb2/libm.a(lib_a-wf_asin.o)
                                  0x7 (size before relaxing)
 .rodata.str1.1
                0x08018347        0x6 /opt/paparazzi/arm-multilib/lib/gcc/arm-none-eabi/4.6.2/../../../../arm-none-eabi/lib/thumb2/libm.a(lib_a-wf_sqrt.o)
 .rodata.str1.1
                0x0801834d        0x2 /opt/paparazzi/arm-multilib/lib/gcc/arm-none-eabi/4.6.2/../../../../arm-none-eabi/lib/thumb2/libc.a(lib_a-impure.o)
 *(.glue_7)
 .glue_7        0x00000000        0x0 linker stubs
 *(.glue_7t)
 .glue_7t       0x00000000        0x0 linker stubs
                0x08018350                . = ALIGN (0x4)
 *fill*         0x0801834f        0x1 00
                0x08018350                _etext = .
                0x08018350                _sidata = _etext

.vfp11_veneer   0x08018350        0x0
 .vfp11_veneer  0x00000000        0x0 linker stubs

.v4_bx          0x08018350        0x0
 .v4_bx         0x00000000        0x0 linker stubs

.data           0x20000000     0x3770 load address 0x08018350
                0x20000000                . = ALIGN (0x4)
                0x20000000                _sdata = .
 *(.data)
 .data          0x20000000        0x1 /opt/paparazzi/arm-multilib/lib/gcc/arm-none-eabi/4.6.2/../../../../arm-none-eabi/lib/thumb2/libm.a(lib_a-s_lib_ver.o)
                0x20000000                __fdlib_version
 *fill*         0x20000001        0x7 00
 .data          0x20000008      0x430 /opt/paparazzi/arm-multilib/lib/gcc/arm-none-eabi/4.6.2/../../../../arm-none-eabi/lib/thumb2/libc.a(lib_a-impure.o)
                0x20000008                _impure_ptr
 *(.data.*)
 .data.fbw_state
                0x20000438        0x4 /home/mav/paparazzi/var/Radian/ap/./inter_mcu.o
                0x20000438                fbw_state
 .data.ap_state
                0x2000043c        0x4 /home/mav/paparazzi/var/Radian/ap/./inter_mcu.o
                0x2000043c                ap_state
 .data.pprz_trig_int
                0x20000440     0x3244 /home/mav/paparazzi/var/Radian/ap/math/pprz_trig_int.o
                0x20000440                pprz_trig_int
 .data.boot.4482
                0x20003684        0x1 /home/mav/paparazzi/var/Radian/ap/firmwares/fixedwing/main_ap.o
 .data.pprz_mode
                0x20003685        0x1 /home/mav/paparazzi/var/Radian/ap/firmwares/fixedwing/main_ap.o
                0x20003685                pprz_mode
 .data.SpektrumSigns
                0x20003686        0xc /home/mav/paparazzi/var/Radian/ap/arch/stm32/subsystems/radio_control/spektrum_arch.o
                0x20003686                SpektrumSigns
 .data.PrimarySpektrumState
                0x20003692       0x28 /home/mav/paparazzi/var/Radian/ap/arch/stm32/subsystems/radio_control/spektrum_arch.o
                0x20003692                PrimarySpektrumState
 *fill*         0x200036ba        0x2 00
 .data.max_dist_from_home
                0x200036bc        0x4 /home/mav/paparazzi/var/Radian/ap/subsystems/nav.o
                0x200036bc                max_dist_from_home
 .data.nav_altitude
                0x200036c0        0x4 /home/mav/paparazzi/var/Radian/ap/subsystems/nav.o
                0x200036c0                nav_altitude
 .data.nav_utm_zone0
                0x200036c4        0x1 /home/mav/paparazzi/var/Radian/ap/subsystems/nav.o
                0x200036c4                nav_utm_zone0
 *fill*         0x200036c5        0x3 00
 .data.nav_utm_north0
                0x200036c8        0x4 /home/mav/paparazzi/var/Radian/ap/subsystems/nav.o
                0x200036c8                nav_utm_north0
 .data.waypoints
                0x200036cc       0x84 /home/mav/paparazzi/var/Radian/ap/subsystems/nav.o
                0x200036cc                waypoints
 .data.nav_utm_east0
                0x20003750        0x4 /home/mav/paparazzi/var/Radian/ap/subsystems/nav.o
                0x20003750                nav_utm_east0
 .data.ADCPrescTable
                0x20003754        0x4 /opt/paparazzi/arm-multilib/lib/gcc/arm-none-eabi/4.6.2/../../../../arm-none-eabi/lib/libstm32.a(stm32_rcc.o)
 .data.APBAHBPrescTable
                0x20003758       0x10 /opt/paparazzi/arm-multilib/lib/gcc/arm-none-eabi/4.6.2/../../../../arm-none-eabi/lib/libstm32.a(stm32_rcc.o)
 .data.rcc_ppre1_frequency
                0x20003768        0x4 /opt/paparazzi/arm-multilib/lib/gcc/arm-none-eabi/4.6.2/../../../../arm-none-eabi/lib/libopencm3_stm32.a(rcc.o)
                0x20003768                rcc_ppre1_frequency
 .data.rcc_ppre2_frequency
                0x2000376c        0x4 /opt/paparazzi/arm-multilib/lib/gcc/arm-none-eabi/4.6.2/../../../../arm-none-eabi/lib/libopencm3_stm32.a(rcc.o)
                0x2000376c                rcc_ppre2_frequency
                0x20003770                . = ALIGN (0x4)
                0x20003770                _edata = .

.bss            0x20003770     0x1188 load address 0x0801bac0
                0x20003770                . = ALIGN (0x4)
                0x20003770                _sbss = .
 *(.dynbss)
 *(.bss .bss.* .gnu.linkonce.b.*)
 .bss.sys_time  0x20003770       0xac /home/mav/paparazzi/var/Radian/ap/mcu_periph/sys_time.o
                0x20003770                sys_time
 .bss.inter_mcu_received_ap
                0x2000381c        0x1 /home/mav/paparazzi/var/Radian/ap/./inter_mcu.o
                0x2000381c                inter_mcu_received_ap
 *fill*         0x2000381d        0x1 00
 .bss._ap_state
                0x2000381e        0x6 /home/mav/paparazzi/var/Radian/ap/./inter_mcu.o
 .bss.ap_ok     0x20003824        0x1 /home/mav/paparazzi/var/Radian/ap/./inter_mcu.o
                0x20003824                ap_ok
 .bss.time_since_last_ap
                0x20003825        0x1 /home/mav/paparazzi/var/Radian/ap/./inter_mcu.o
                0x20003825                time_since_last_ap
 .bss.inter_mcu_received_fbw
                0x20003826        0x1 /home/mav/paparazzi/var/Radian/ap/./inter_mcu.o
                0x20003826                inter_mcu_received_fbw
 *fill*         0x20003827        0x1 00
 .bss._fbw_state
                0x20003828       0x20 /home/mav/paparazzi/var/Radian/ap/./inter_mcu.o
 .bss.i300.3605
                0x20003848        0x2 /home/mav/paparazzi/var/Radian/ap/firmwares/fixedwing/main_fbw.o
 .bss.i60.3604  0x2000384a        0x1 /home/mav/paparazzi/var/Radian/ap/firmwares/fixedwing/main_fbw.o
 .bss.i120.3578
                0x2000384b        0x1 /home/mav/paparazzi/var/Radian/ap/firmwares/fixedwing/main_fbw.o
 .bss.fbw_mode  0x2000384c        0x1 /home/mav/paparazzi/var/Radian/ap/firmwares/fixedwing/main_fbw.o
                0x2000384c                fbw_mode
 .bss.fbw_periodic_tid
                0x2000384d        0x1 /home/mav/paparazzi/var/Radian/ap/firmwares/fixedwing/main_fbw.o
                0x2000384d                fbw_periodic_tid
 .bss._1Hz.3375
                0x2000384e        0x1 /home/mav/paparazzi/var/Radian/ap/firmwares/fixedwing/main_fbw.o
 .bss.fbw_new_actuators
                0x2000384f        0x1 /home/mav/paparazzi/var/Radian/ap/firmwares/fixedwing/main_fbw.o
                0x2000384f                fbw_new_actuators
 .bss.i300.3579
                0x20003850        0x2 /home/mav/paparazzi/var/Radian/ap/firmwares/fixedwing/main_fbw.o
 .bss.i30.3603  0x20003852        0x1 /home/mav/paparazzi/var/Radian/ap/firmwares/fixedwing/main_fbw.o
 .bss.electrical_tid
                0x20003853        0x1 /home/mav/paparazzi/var/Radian/ap/firmwares/fixedwing/main_fbw.o
                0x20003853                electrical_tid
 .bss.electrical_priv
                0x20003854       0x48 /home/mav/paparazzi/var/Radian/ap/subsystems/electrical.o
 .bss.electrical
                0x2000389c        0x8 /home/mav/paparazzi/var/Radian/ap/subsystems/electrical.o
                0x2000389c                electrical
 .bss.commands  0x200038a4        0x6 /home/mav/paparazzi/var/Radian/ap/./commands.o
                0x200038a4                commands
 .bss.command_roll_trim
                0x200038aa        0x2 /home/mav/paparazzi/var/Radian/ap/./commands.o
                0x200038aa                command_roll_trim
 .bss.command_pitch_trim
                0x200038ac        0x2 /home/mav/paparazzi/var/Radian/ap/./commands.o
                0x200038ac                command_pitch_trim
 .bss.telemetry_mode_Fbw
                0x200038ae        0x1 /home/mav/paparazzi/var/Radian/ap/firmwares/fixedwing/fbw_downlink.o
                0x200038ae                telemetry_mode_Fbw
 *fill*         0x200038af        0x1 00
 .bss.i606.5433
                0x200038b0        0x2 /home/mav/paparazzi/var/Radian/ap/firmwares/fixedwing/main_ap.o
 *fill*         0x200038b2        0x2 00
 .bss.energy    0x200038b4        0x4 /home/mav/paparazzi/var/Radian/ap/firmwares/fixedwing/main_ap.o
                0x200038b4                energy
 .bss.last_pprz_mode.5677
                0x200038b8        0x1 /home/mav/paparazzi/var/Radian/ap/firmwares/fixedwing/main_ap.o
 .bss.i6.5425   0x200038b9        0x1 /home/mav/paparazzi/var/Radian/ap/firmwares/fixedwing/main_ap.o
 .bss.i480.5133
                0x200038ba        0x2 /home/mav/paparazzi/var/Radian/ap/firmwares/fixedwing/main_ap.o
 .bss.i15.4488  0x200038bc        0x1 /home/mav/paparazzi/var/Radian/ap/firmwares/fixedwing/main_ap.o
 *fill*         0x200038bd        0x1 00
 .bss.i612.5434
                0x200038be        0x2 /home/mav/paparazzi/var/Radian/ap/firmwares/fixedwing/main_ap.o
 .bss.current   0x200038c0        0x4 /home/mav/paparazzi/var/Radian/ap/firmwares/fixedwing/main_ap.o
 .bss.kill_throttle
                0x200038c4        0x1 /home/mav/paparazzi/var/Radian/ap/firmwares/fixedwing/main_ap.o
                0x200038c4                kill_throttle
 *fill*         0x200038c5        0x1 00
 .bss.i300.5127
                0x200038c6        0x2 /home/mav/paparazzi/var/Radian/ap/firmwares/fixedwing/main_ap.o
 .bss.monitor_tid
                0x200038c8        0x1 /home/mav/paparazzi/var/Radian/ap/firmwares/fixedwing/main_ap.o
                0x200038c8                monitor_tid
 .bss.mcu1_ppm_cpt
                0x200038c9        0x1 /home/mav/paparazzi/var/Radian/ap/firmwares/fixedwing/main_ap.o
 .bss.i342.5432
                0x200038ca        0x2 /home/mav/paparazzi/var/Radian/ap/firmwares/fixedwing/main_ap.o
 .bss.vsupply   0x200038cc        0x1 /home/mav/paparazzi/var/Radian/ap/firmwares/fixedwing/main_ap.o
                0x200038cc                vsupply
 .bss.i30.5282  0x200038cd        0x1 /home/mav/paparazzi/var/Radian/ap/firmwares/fixedwing/main_ap.o
 .bss.i183.4846
                0x200038ce        0x1 /home/mav/paparazzi/var/Radian/ap/firmwares/fixedwing/main_ap.o
 *fill*         0x200038cf        0x1 00
 .bss.i306.5428
                0x200038d0        0x2 /home/mav/paparazzi/var/Radian/ap/firmwares/fixedwing/main_ap.o
 .bss.i306.4851
                0x200038d2        0x2 /home/mav/paparazzi/var/Radian/ap/firmwares/fixedwing/main_ap.o
 .bss.i126.4499
                0x200038d4        0x1 /home/mav/paparazzi/var/Radian/ap/firmwares/fixedwing/main_ap.o
 *fill*         0x200038d5        0x1 00
 .bss.i300.5427
                0x200038d6        0x2 /home/mav/paparazzi/var/Radian/ap/firmwares/fixedwing/main_ap.o
 .bss.i318.5429
                0x200038d8        0x2 /home/mav/paparazzi/var/Radian/ap/firmwares/fixedwing/main_ap.o
 .bss.i120.4498
                0x200038da        0x1 /home/mav/paparazzi/var/Radian/ap/firmwares/fixedwing/main_ap.o
 .bss.i30.5353  0x200038db        0x1 /home/mav/paparazzi/var/Radian/ap/firmwares/fixedwing/main_ap.o
 .bss.i180.4845
                0x200038dc        0x1 /home/mav/paparazzi/var/Radian/ap/firmwares/fixedwing/main_ap.o
 .bss.i48.4491  0x200038dd        0x1 /home/mav/paparazzi/var/Radian/ap/firmwares/fixedwing/main_ap.o
 .bss.i306.4503
                0x200038de        0x2 /home/mav/paparazzi/var/Radian/ap/firmwares/fixedwing/main_ap.o
 .bss.i15.4269  0x200038e0        0x1 /home/mav/paparazzi/var/Radian/ap/firmwares/fixedwing/main_ap.o
 *fill*         0x200038e1        0x1 00
 .bss.last.4821
                0x200038e2        0x2 /home/mav/paparazzi/var/Radian/ap/firmwares/fixedwing/main_ap.o
 .bss.i84.4842  0x200038e4        0x1 /home/mav/paparazzi/var/Radian/ap/firmwares/fixedwing/main_ap.o
 *fill*         0x200038e5        0x1 00
 .bss.i312.4852
                0x200038e6        0x2 /home/mav/paparazzi/var/Radian/ap/firmwares/fixedwing/main_ap.o
 .bss.i.5397    0x200038e8        0x1 /home/mav/paparazzi/var/Radian/ap/firmwares/fixedwing/main_ap.o
 .bss.i30.5426  0x200038e9        0x1 /home/mav/paparazzi/var/Radian/ap/firmwares/fixedwing/main_ap.o
 .bss.launch    0x200038ea        0x1 /home/mav/paparazzi/var/Radian/ap/firmwares/fixedwing/main_ap.o
                0x200038ea                launch
 .bss.i6.4486   0x200038eb        0x1 /home/mav/paparazzi/var/Radian/ap/firmwares/fixedwing/main_ap.o
 .bss.i243.4849
                0x200038ec        0x1 /home/mav/paparazzi/var/Radian/ap/firmwares/fixedwing/main_ap.o
 .bss.lateral_mode
                0x200038ed        0x1 /home/mav/paparazzi/var/Radian/ap/firmwares/fixedwing/main_ap.o
                0x200038ed                lateral_mode
 .bss.gps_ubx_gps_ubx_ucenter_periodic_status
                0x200038ee        0x1 /home/mav/paparazzi/var/Radian/ap/firmwares/fixedwing/main_ap.o
                0x200038ee                gps_ubx_gps_ubx_ucenter_periodic_status
 .bss.i240.4848
                0x200038ef        0x1 /home/mav/paparazzi/var/Radian/ap/firmwares/fixedwing/main_ap.o
 .bss.i450.5132
                0x200038f0        0x2 /home/mav/paparazzi/var/Radian/ap/firmwares/fixedwing/main_ap.o
 .bss.i126.4844
                0x200038f2        0x1 /home/mav/paparazzi/var/Radian/ap/firmwares/fixedwing/main_ap.o
 .bss.i90.4843  0x200038f3        0x1 /home/mav/paparazzi/var/Radian/ap/firmwares/fixedwing/main_ap.o
 .bss.i612.5135
                0x200038f4        0x2 /home/mav/paparazzi/var/Radian/ap/firmwares/fixedwing/main_ap.o
 .bss.i.4854    0x200038f6        0x1 /home/mav/paparazzi/var/Radian/ap/firmwares/fixedwing/main_ap.o
 .bss.i4.5351   0x200038f7        0x1 /home/mav/paparazzi/var/Radian/ap/firmwares/fixedwing/main_ap.o
 .bss.i126.5283
                0x200038f8        0x1 /home/mav/paparazzi/var/Radian/ap/firmwares/fixedwing/main_ap.o
 .bss.i.5323    0x200038f9        0x1 /home/mav/paparazzi/var/Radian/ap/firmwares/fixedwing/main_ap.o
 .bss.i342.5131
                0x200038fa        0x2 /home/mav/paparazzi/var/Radian/ap/firmwares/fixedwing/main_ap.o
 .bss.i.4920    0x200038fc        0x1 /home/mav/paparazzi/var/Radian/ap/firmwares/fixedwing/main_ap.o
 .bss.gps_lost  0x200038fd        0x1 /home/mav/paparazzi/var/Radian/ap/firmwares/fixedwing/main_ap.o
                0x200038fd                gps_lost
 .bss.attitude_tid
                0x200038fe        0x1 /home/mav/paparazzi/var/Radian/ap/firmwares/fixedwing/main_ap.o
                0x200038fe                attitude_tid
 .bss.i.4547    0x200038ff        0x1 /home/mav/paparazzi/var/Radian/ap/firmwares/fixedwing/main_ap.o
 .bss.i66.4494  0x20003900        0x1 /home/mav/paparazzi/var/Radian/ap/firmwares/fixedwing/main_ap.o
 *fill*         0x20003901        0x1 00
 .bss.i324.5430
                0x20003902        0x2 /home/mav/paparazzi/var/Radian/ap/firmwares/fixedwing/main_ap.o
 .bss.i.5142    0x20003904        0x1 /home/mav/paparazzi/var/Radian/ap/firmwares/fixedwing/main_ap.o
 *fill*         0x20003905        0x1 00
 .bss.i306.5128
                0x20003906        0x2 /home/mav/paparazzi/var/Radian/ap/firmwares/fixedwing/main_ap.o
 .bss.i63.4493  0x20003908        0x1 /home/mav/paparazzi/var/Radian/ap/firmwares/fixedwing/main_ap.o
 .bss.i132.4500
                0x20003909        0x1 /home/mav/paparazzi/var/Radian/ap/firmwares/fixedwing/main_ap.o
 .bss.sensors_tid
                0x2000390a        0x1 /home/mav/paparazzi/var/Radian/ap/firmwares/fixedwing/main_ap.o
                0x2000390a                sensors_tid
 .bss.i60.4492  0x2000390b        0x1 /home/mav/paparazzi/var/Radian/ap/firmwares/fixedwing/main_ap.o
 .bss.i78.4496  0x2000390c        0x1 /home/mav/paparazzi/var/Radian/ap/firmwares/fixedwing/main_ap.o
 *fill*         0x2000390d        0x1 00
 .bss.i318.5129
                0x2000390e        0x2 /home/mav/paparazzi/var/Radian/ap/firmwares/fixedwing/main_ap.o
 .bss.i12.4487  0x20003910        0x1 /home/mav/paparazzi/var/Radian/ap/firmwares/fixedwing/main_ap.o
 .bss.i72.4495  0x20003911        0x1 /home/mav/paparazzi/var/Radian/ap/firmwares/fixedwing/main_ap.o
 .bss.i330.5431
                0x20003912        0x2 /home/mav/paparazzi/var/Radian/ap/firmwares/fixedwing/main_ap.o
 .bss.power_switch
                0x20003914        0x1 /home/mav/paparazzi/var/Radian/ap/firmwares/fixedwing/main_ap.o
                0x20003914                power_switch
 .bss.telemetry_tid
                0x20003915        0x1 /home/mav/paparazzi/var/Radian/ap/firmwares/fixedwing/main_ap.o
                0x20003915                telemetry_tid
 .bss.i540.4853
                0x20003916        0x2 /home/mav/paparazzi/var/Radian/ap/firmwares/fixedwing/main_ap.o
 .bss.i540.4504
                0x20003918        0x2 /home/mav/paparazzi/var/Radian/ap/firmwares/fixedwing/main_ap.o
 .bss.i606.5134
                0x2000391a        0x2 /home/mav/paparazzi/var/Radian/ap/firmwares/fixedwing/main_ap.o
 .bss.i30.4489  0x2000391c        0x1 /home/mav/paparazzi/var/Radian/ap/firmwares/fixedwing/main_ap.o
 .bss.ahrs_timeout_counter
                0x2000391d        0x1 /home/mav/paparazzi/var/Radian/ap/firmwares/fixedwing/main_ap.o
                0x2000391d                ahrs_timeout_counter
 .bss.i66.4840  0x2000391e        0x1 /home/mav/paparazzi/var/Radian/ap/firmwares/fixedwing/main_ap.o
 .bss.i192.4847
                0x2000391f        0x1 /home/mav/paparazzi/var/Radian/ap/firmwares/fixedwing/main_ap.o
 .bss.i.4725    0x20003920        0x1 /home/mav/paparazzi/var/Radian/ap/firmwares/fixedwing/main_ap.o
 .bss.i90.4497  0x20003921        0x1 /home/mav/paparazzi/var/Radian/ap/firmwares/fixedwing/main_ap.o
 .bss.i.5541    0x20003922        0x1 /home/mav/paparazzi/var/Radian/ap/firmwares/fixedwing/main_ap.o
 .bss.i78.4841  0x20003923        0x1 /home/mav/paparazzi/var/Radian/ap/firmwares/fixedwing/main_ap.o
 .bss.i.4938    0x20003924        0x1 /home/mav/paparazzi/var/Radian/ap/firmwares/fixedwing/main_ap.o
 *fill*         0x20003925        0x1 00
 .bss.last.5620
                0x20003926        0x2 /home/mav/paparazzi/var/Radian/ap/firmwares/fixedwing/main_ap.o
 .bss.i300.4850
                0x20003928        0x2 /home/mav/paparazzi/var/Radian/ap/firmwares/fixedwing/main_ap.o
 .bss.i63.4839  0x2000392a        0x1 /home/mav/paparazzi/var/Radian/ap/firmwares/fixedwing/main_ap.o
 *fill*         0x2000392b        0x1 00
 .bss.i300.4502
                0x2000392c        0x2 /home/mav/paparazzi/var/Radian/ap/firmwares/fixedwing/main_ap.o
 .bss.i150.4501
                0x2000392e        0x1 /home/mav/paparazzi/var/Radian/ap/firmwares/fixedwing/main_ap.o
 .bss.i.4596    0x2000392f        0x1 /home/mav/paparazzi/var/Radian/ap/firmwares/fixedwing/main_ap.o
 .bss.mcu1_status
                0x20003930        0x1 /home/mav/paparazzi/var/Radian/ap/firmwares/fixedwing/main_ap.o
 .bss.i3.5281   0x20003931        0x1 /home/mav/paparazzi/var/Radian/ap/firmwares/fixedwing/main_ap.o
 .bss.t.5725    0x20003932        0x1 /home/mav/paparazzi/var/Radian/ap/firmwares/fixedwing/main_ap.o
 *fill*         0x20003933        0x1 00
 .bss.last.5109
                0x20003934        0x2 /home/mav/paparazzi/var/Radian/ap/firmwares/fixedwing/main_ap.o
 .bss.i324.5130
                0x20003936        0x2 /home/mav/paparazzi/var/Radian/ap/firmwares/fixedwing/main_ap.o
 .bss.i36.4490  0x20003938        0x1 /home/mav/paparazzi/var/Radian/ap/firmwares/fixedwing/main_ap.o
 *fill*         0x20003939        0x1 00
 .bss.last.5213
                0x2000393a        0x2 /home/mav/paparazzi/var/Radian/ap/firmwares/fixedwing/main_ap.o
 .bss.i6.5352   0x2000393c        0x1 /home/mav/paparazzi/var/Radian/ap/firmwares/fixedwing/main_ap.o
 .bss.modules_tid
                0x2000393d        0x1 /home/mav/paparazzi/var/Radian/ap/firmwares/fixedwing/main_ap.o
                0x2000393d                modules_tid
 .bss.i126.5354
                0x2000393e        0x1 /home/mav/paparazzi/var/Radian/ap/firmwares/fixedwing/main_ap.o
 .bss.navigation_tid
                0x2000393f        0x1 /home/mav/paparazzi/var/Radian/ap/firmwares/fixedwing/main_ap.o
                0x2000393f                navigation_tid
 .bss.estimator_hspeed_dir
                0x20003940        0x4 /home/mav/paparazzi/var/Radian/ap/./estimator.o
                0x20003940                estimator_hspeed_dir
 .bss.estimator_airspeed
                0x20003944        0x4 /home/mav/paparazzi/var/Radian/ap/./estimator.o
                0x20003944                estimator_airspeed
 .bss.estimator_z_dot
                0x20003948        0x4 /home/mav/paparazzi/var/Radian/ap/./estimator.o
                0x20003948                estimator_z_dot
 .bss.estimator_flight_time
                0x2000394c        0x2 /home/mav/paparazzi/var/Radian/ap/./estimator.o
                0x2000394c                estimator_flight_time
 *fill*         0x2000394e        0x2 00
 .bss.wind_east
                0x20003950        0x4 /home/mav/paparazzi/var/Radian/ap/./estimator.o
                0x20003950                wind_east
 .bss.estimator_p
                0x20003954        0x4 /home/mav/paparazzi/var/Radian/ap/./estimator.o
                0x20003954                estimator_p
 .bss.estimator_psi
                0x20003958        0x4 /home/mav/paparazzi/var/Radian/ap/./estimator.o
                0x20003958                estimator_psi
 .bss.estimator_r
                0x2000395c        0x4 /home/mav/paparazzi/var/Radian/ap/./estimator.o
                0x2000395c                estimator_r
 .bss.wind_north
                0x20003960        0x4 /home/mav/paparazzi/var/Radian/ap/./estimator.o
                0x20003960                wind_north
 .bss.estimator_theta
                0x20003964        0x4 /home/mav/paparazzi/var/Radian/ap/./estimator.o
                0x20003964                estimator_theta
 .bss.estimator_q
                0x20003968        0x4 /home/mav/paparazzi/var/Radian/ap/./estimator.o
                0x20003968                estimator_q
 .bss.estimator_x
                0x2000396c        0x4 /home/mav/paparazzi/var/Radian/ap/./estimator.o
                0x2000396c                estimator_x
 .bss.estimator_y
                0x20003970        0x4 /home/mav/paparazzi/var/Radian/ap/./estimator.o
                0x20003970                estimator_y
 .bss.estimator_z
                0x20003974        0x4 /home/mav/paparazzi/var/Radian/ap/./estimator.o
                0x20003974                estimator_z
 .bss.estimator_hspeed_mod
                0x20003978        0x4 /home/mav/paparazzi/var/Radian/ap/./estimator.o
                0x20003978                estimator_hspeed_mod
 .bss.estimator_phi
                0x2000397c        0x4 /home/mav/paparazzi/var/Radian/ap/./estimator.o
                0x2000397c                estimator_phi
 .bss.telemetry_mode_Ap
                0x20003980        0x1 /home/mav/paparazzi/var/Radian/ap/firmwares/fixedwing/ap_downlink.o
                0x20003980                telemetry_mode_Ap
 *fill*         0x20003981        0x3 00
 .bss.uart2     0x20003984      0x120 /home/mav/paparazzi/var/Radian/ap/mcu_periph/uart.o
                0x20003984                uart2
 .bss.uart3     0x20003aa4      0x120 /home/mav/paparazzi/var/Radian/ap/mcu_periph/uart.o
                0x20003aa4                uart3
 .bss.adc_new_data_trigger
                0x20003bc4        0x1 /home/mav/paparazzi/var/Radian/ap/arch/stm32/mcu_periph/adc_arch.o
                0x20003bc4                adc_new_data_trigger
 *fill*         0x20003bc5        0x3 00
 .bss.adc1_buffers
                0x20003bc8       0x10 /home/mav/paparazzi/var/Radian/ap/arch/stm32/mcu_periph/adc_arch.o
 .bss.adc_channel_map
                0x20003bd8        0x4 /home/mav/paparazzi/var/Radian/ap/arch/stm32/mcu_periph/adc_arch.o
 .bss.adc_injected_channels
                0x20003bdc        0x4 /home/mav/paparazzi/var/Radian/ap/arch/stm32/mcu_periph/adc_arch.o
 .bss.actuators_pwm_values
                0x20003be0       0x18 /home/mav/paparazzi/var/Radian/ap/arch/stm32/servos_direct_hw.o
                0x20003be0                actuators_pwm_values
 .bss.actuators
                0x20003bf8        0x6 /home/mav/paparazzi/var/Radian/ap/actuators.o
                0x20003bf8                actuators
 .bss.radio_control
                0x20003bfe       0x1e /home/mav/paparazzi/var/Radian/ap/subsystems/radio_control.o
                0x20003bfe                radio_control
 .bss.TmpEncType.3420
                0x20003c1c        0x1 /home/mav/paparazzi/var/Radian/ap/arch/stm32/subsystems/radio_control/spektrum_arch.o
 .bss.ExpectedFrames
                0x20003c1d        0x1 /home/mav/paparazzi/var/Radian/ap/arch/stm32/subsystems/radio_control/spektrum_arch.o
 .bss.SpektrumBuf
                0x20003c1e       0x1c /home/mav/paparazzi/var/Radian/ap/arch/stm32/subsystems/radio_control/spektrum_arch.o
                0x20003c1e                SpektrumBuf
 .bss.EncodingType
                0x20003c3a        0x1 /home/mav/paparazzi/var/Radian/ap/arch/stm32/subsystems/radio_control/spektrum_arch.o
 .bss.TmpExpFrames.3421
                0x20003c3b        0x1 /home/mav/paparazzi/var/Radian/ap/arch/stm32/subsystems/radio_control/spektrum_arch.o
 .bss.downlink_nb_msgs
                0x20003c3c        0x2 /home/mav/paparazzi/var/Radian/ap/subsystems/datalink/downlink.o
                0x20003c3c                downlink_nb_msgs
 .bss.downlink_nb_ovrn
                0x20003c3e        0x1 /home/mav/paparazzi/var/Radian/ap/subsystems/datalink/downlink.o
                0x20003c3e                downlink_nb_ovrn
 *fill*         0x20003c3f        0x1 00
 .bss.downlink_nb_bytes
                0x20003c40        0x2 /home/mav/paparazzi/var/Radian/ap/subsystems/datalink/downlink.o
                0x20003c40                downlink_nb_bytes
 .bss.pprz_tp   0x20003c42      0x108 /home/mav/paparazzi/var/Radian/ap/subsystems/datalink/pprz_transport.o
                0x20003c42                pprz_tp
 .bss.ck_a      0x20003d4a        0x1 /home/mav/paparazzi/var/Radian/ap/subsystems/datalink/pprz_transport.o
                0x20003d4a                ck_a
 .bss.ck_b      0x20003d4b        0x1 /home/mav/paparazzi/var/Radian/ap/subsystems/datalink/pprz_transport.o
                0x20003d4b                ck_b
 .bss.dl_msg_available
                0x20003d4c        0x1 /home/mav/paparazzi/var/Radian/ap/firmwares/fixedwing/datalink.o
                0x20003d4c                dl_msg_available
 *fill*         0x20003d4d        0x3 00
 .bss.dl_buffer
                0x20003d50       0x80 /home/mav/paparazzi/var/Radian/ap/firmwares/fixedwing/datalink.o
                0x20003d50                dl_buffer
 .bss.datalink_time
                0x20003dd0        0x2 /home/mav/paparazzi/var/Radian/ap/firmwares/fixedwing/datalink.o
                0x20003dd0                datalink_time
 *fill*         0x20003dd2        0x2 00
 .bss.last_err.3605
                0x20003dd4        0x4 /home/mav/paparazzi/var/Radian/ap/firmwares/fixedwing/stabilization/stabilization_attitude.o
 .bss.h_ctl_elevator_setpoint
                0x20003dd8        0x2 /home/mav/paparazzi/var/Radian/ap/firmwares/fixedwing/stabilization/stabilization_attitude.o
                0x20003dd8                h_ctl_elevator_setpoint
 *fill*         0x20003dda        0x2 00
 .bss.h_ctl_pitch_pgain
                0x20003ddc        0x4 /home/mav/paparazzi/var/Radian/ap/firmwares/fixedwing/stabilization/stabilization_attitude.o
                0x20003ddc                h_ctl_pitch_pgain
 .bss.h_ctl_roll_max_setpoint
                0x20003de0        0x4 /home/mav/paparazzi/var/Radian/ap/firmwares/fixedwing/stabilization/stabilization_attitude.o
                0x20003de0                h_ctl_roll_max_setpoint
 .bss.last_err.3634
                0x20003de4        0x4 /home/mav/paparazzi/var/Radian/ap/firmwares/fixedwing/stabilization/stabilization_attitude.o
 .bss.h_ctl_roll_setpoint
                0x20003de8        0x4 /home/mav/paparazzi/var/Radian/ap/firmwares/fixedwing/stabilization/stabilization_attitude.o
                0x20003de8                h_ctl_roll_setpoint
 .bss.h_ctl_course_setpoint
                0x20003dec        0x4 /home/mav/paparazzi/var/Radian/ap/firmwares/fixedwing/stabilization/stabilization_attitude.o
                0x20003dec                h_ctl_course_setpoint
 .bss.h_ctl_aileron_setpoint
                0x20003df0        0x2 /home/mav/paparazzi/var/Radian/ap/firmwares/fixedwing/stabilization/stabilization_attitude.o
                0x20003df0                h_ctl_aileron_setpoint
 *fill*         0x20003df2        0x2 00
 .bss.h_ctl_pitch_setpoint
                0x20003df4        0x4 /home/mav/paparazzi/var/Radian/ap/firmwares/fixedwing/stabilization/stabilization_attitude.o
                0x20003df4                h_ctl_pitch_setpoint
 .bss.h_ctl_aileron_of_throttle
                0x20003df8        0x4 /home/mav/paparazzi/var/Radian/ap/firmwares/fixedwing/stabilization/stabilization_attitude.o
                0x20003df8                h_ctl_aileron_of_throttle
 .bss.h_ctl_disabled
                0x20003dfc        0x1 /home/mav/paparazzi/var/Radian/ap/firmwares/fixedwing/stabilization/stabilization_attitude.o
                0x20003dfc                h_ctl_disabled
 *fill*         0x20003dfd        0x3 00
 .bss.h_ctl_pitch_loop_setpoint
                0x20003e00        0x4 /home/mav/paparazzi/var/Radian/ap/firmwares/fixedwing/stabilization/stabilization_attitude.o
                0x20003e00                h_ctl_pitch_loop_setpoint
 .bss.h_ctl_course_pgain
                0x20003e04        0x4 /home/mav/paparazzi/var/Radian/ap/firmwares/fixedwing/stabilization/stabilization_attitude.o
                0x20003e04                h_ctl_course_pgain
 .bss.h_ctl_roll_pgain
                0x20003e08        0x4 /home/mav/paparazzi/var/Radian/ap/firmwares/fixedwing/stabilization/stabilization_attitude.o
                0x20003e08                h_ctl_roll_pgain
 .bss.h_ctl_course_dgain
                0x20003e0c        0x4 /home/mav/paparazzi/var/Radian/ap/firmwares/fixedwing/stabilization/stabilization_attitude.o
                0x20003e0c                h_ctl_course_dgain
 .bss.h_ctl_course_pre_bank_correction
                0x20003e10        0x4 /home/mav/paparazzi/var/Radian/ap/firmwares/fixedwing/stabilization/stabilization_attitude.o
                0x20003e10                h_ctl_course_pre_bank_correction
 .bss.h_ctl_elevator_of_roll
                0x20003e14        0x4 /home/mav/paparazzi/var/Radian/ap/firmwares/fixedwing/stabilization/stabilization_attitude.o
                0x20003e14                h_ctl_elevator_of_roll
 .bss.h_ctl_course_pre_bank
                0x20003e18        0x4 /home/mav/paparazzi/var/Radian/ap/firmwares/fixedwing/stabilization/stabilization_attitude.o
                0x20003e18                h_ctl_course_pre_bank
 .bss.h_ctl_pitch_dgain
                0x20003e1c        0x4 /home/mav/paparazzi/var/Radian/ap/firmwares/fixedwing/stabilization/stabilization_attitude.o
                0x20003e1c                h_ctl_pitch_dgain
 .bss.v_ctl_auto_throttle_nominal_cruise_throttle
                0x20003e20        0x4 /home/mav/paparazzi/var/Radian/ap/firmwares/fixedwing/guidance/guidance_v.o
                0x20003e20                v_ctl_auto_throttle_nominal_cruise_throttle
 .bss.v_ctl_auto_throttle_igain
                0x20003e24        0x4 /home/mav/paparazzi/var/Radian/ap/firmwares/fixedwing/guidance/guidance_v.o
                0x20003e24                v_ctl_auto_throttle_igain
 .bss.v_ctl_auto_throttle_max_cruise_throttle
                0x20003e28        0x4 /home/mav/paparazzi/var/Radian/ap/firmwares/fixedwing/guidance/guidance_v.o
                0x20003e28                v_ctl_auto_throttle_max_cruise_throttle
 .bss.v_ctl_throttle_setpoint
                0x20003e2c        0x2 /home/mav/paparazzi/var/Radian/ap/firmwares/fixedwing/guidance/guidance_v.o
                0x20003e2c                v_ctl_throttle_setpoint
 *fill*         0x20003e2e        0x2 00
 .bss.v_ctl_altitude_pre_climb_correction
                0x20003e30        0x4 /home/mav/paparazzi/var/Radian/ap/firmwares/fixedwing/guidance/guidance_v.o